Component: ARM Compiler 5.06 update 7 (build 960) Tool: armlink [4d3601]

==============================================================================

Section Cross References

    main.o(.text) refers to misc.o(.text) for NVIC_PriorityGroupConfig
    main.o(.text) refers to delay.o(.text) for delay_init
    main.o(.text) refers to usart.o(.text) for uart_init
    main.o(.text) refers to lcd.o(.text) for LCD_Init
    main.o(.text) refers to adc.o(.text) for Adc_Init
    main.o(.text) refers to timer.o(.text) for TIM8_Encoder_Init
    main.o(.text) refers to lcd.o(.data) for POINT_COLOR
    system_stm32f4xx.o(.text) refers to system_stm32f4xx.o(.data) for SystemCoreClock
    led.o(.text) refers to stm32f4xx_rcc.o(.text) for RCC_AHB1PeriphClockCmd
    led.o(.text) refers to stm32f4xx_gpio.o(.text) for GPIO_Init
    timer.o(.text) refers to _printf_percent.o(.ARM.Collect$$_printf_percent$$00000000) for _printf_percent
    timer.o(.text) refers to _printf_f.o(.ARM.Collect$$_printf_percent$$00000003) for _printf_f
    timer.o(.text) refers to printf1.o(x$fpl$printf1) for _printf_fp_dec
    timer.o(.text) refers to stm32f4xx_rcc.o(.text) for RCC_APB1PeriphClockCmd
    timer.o(.text) refers to stm32f4xx_tim.o(.text) for TIM_TimeBaseInit
    timer.o(.text) refers to misc.o(.text) for NVIC_Init
    timer.o(.text) refers to dflt_clz.o(x$fpl$dflt) for __aeabi_i2d
    timer.o(.text) refers to ddiv.o(x$fpl$ddiv) for __aeabi_ddiv
    timer.o(.text) refers to d2f.o(x$fpl$d2f) for __aeabi_d2f
    timer.o(.text) refers to adc.o(.text) for Get_Adc_Average
    timer.o(.text) refers to dflt_clz.o(x$fpl$dfltu) for __aeabi_ui2d
    timer.o(.text) refers to dmul.o(x$fpl$dmul) for __aeabi_dmul
    timer.o(.text) refers to f2d.o(x$fpl$f2d) for __aeabi_f2d
    timer.o(.text) refers to daddsub_clz.o(x$fpl$drsb) for __aeabi_drsub
    timer.o(.text) refers to noretval__2printf.o(.text) for __2printf
    timer.o(.text) refers to lcd.o(.text) for LCD_ShowString
    timer.o(.text) refers to timer.o(.data) for Encoder_CNT_N
    timer.o(.text) refers to lcd.o(.data) for POINT_COLOR
    timer.o(.text) refers to stm32f4xx_gpio.o(.text) for GPIO_Init
    adc.o(.text) refers to stm32f4xx_rcc.o(.text) for RCC_AHB1PeriphClockCmd
    adc.o(.text) refers to stm32f4xx_gpio.o(.text) for GPIO_Init
    adc.o(.text) refers to stm32f4xx_adc.o(.text) for ADC_CommonInit
    adc.o(.text) refers to delay.o(.text) for delay_ms
    lcd.o(.text) refers to _printf_percent.o(.ARM.Collect$$_printf_percent$$00000000) for _printf_percent
    lcd.o(.text) refers to _printf_x.o(.ARM.Collect$$_printf_percent$$0000000C) for _printf_x
    lcd.o(.text) refers to _printf_hex_int.o(.text) for _printf_longlong_hex
    lcd.o(.text) refers to delay.o(.text) for delay_us
    lcd.o(.text) refers to lcd.o(.bss) for lcddev
    lcd.o(.text) refers to dflt_clz.o(x$fpl$dfltu) for __aeabi_ui2d
    lcd.o(.text) refers to dmul.o(x$fpl$dmul) for __aeabi_dmul
    lcd.o(.text) refers to dfixu.o(x$fpl$dfixu) for __aeabi_d2uiz
    lcd.o(.text) refers to lcd.o(.data) for POINT_COLOR
    lcd.o(.text) refers to stm32f4xx_rcc.o(.text) for RCC_AHB1PeriphClockCmd
    lcd.o(.text) refers to stm32f4xx_gpio.o(.text) for GPIO_Init
    lcd.o(.text) refers to stm32f4xx_fsmc.o(.text) for FSMC_NORSRAMInit
    lcd.o(.text) refers to noretval__2printf.o(.text) for __2printf
    lcd.o(.text) refers to lcd.o(.constdata) for asc2_1206
    delay.o(.text) refers to misc.o(.text) for SysTick_CLKSourceConfig
    delay.o(.text) refers to delay.o(.data) for fac_us
    usart.o(.rev16_text) refers (Special) to use_no_semi_2.o(.text) for __use_no_semihosting
    usart.o(.revsh_text) refers (Special) to use_no_semi_2.o(.text) for __use_no_semihosting
    usart.o(.text) refers (Special) to use_no_semi_2.o(.text) for __use_no_semihosting
    usart.o(.text) refers to stm32f4xx_rcc.o(.text) for RCC_AHB1PeriphClockCmd
    usart.o(.text) refers to stm32f4xx_gpio.o(.text) for GPIO_PinAFConfig
    usart.o(.text) refers to stm32f4xx_usart.o(.text) for USART_Init
    usart.o(.text) refers to misc.o(.text) for NVIC_Init
    usart.o(.text) refers to usart.o(.data) for USART_RX_STA
    usart.o(.text) refers to usart.o(.bss) for USART_RX_BUF
    usart.o(.bss) refers (Special) to use_no_semi_2.o(.text) for __use_no_semihosting
    usart.o(.data) refers (Special) to use_no_semi_2.o(.text) for __use_no_semihosting
    startup_stm32f40_41xxx.o(STACK) refers (Special) to heapauxi.o(.text) for __use_two_region_memory
    startup_stm32f40_41xxx.o(HEAP) refers (Special) to heapauxi.o(.text) for __use_two_region_memory
    startup_stm32f40_41xxx.o(RESET) refers (Special) to heapauxi.o(.text) for __use_two_region_memory
    startup_stm32f40_41xxx.o(RESET) refers to startup_stm32f40_41xxx.o(STACK) for __initial_sp
    startup_stm32f40_41xxx.o(RESET) refers to startup_stm32f40_41xxx.o(.text) for Reset_Handler
    startup_stm32f40_41xxx.o(RESET) refers to stm32f4xx_it.o(.text) for NMI_Handler
[...]
    .ARM.Collect$$libshutdown$$00000009      0x08000226   Section        0  libshutdown2.o(.ARM.Collect$$libshutdown$$00000009)
    .ARM.Collect$$libshutdown$$0000000C      0x08000226   Section        0  libshutdown2.o(.ARM.Collect$$libshutdown$$0000000C)
    .ARM.Collect$$libshutdown$$0000000E      0x08000226   Section        0  libshutdown2.o(.ARM.Collect$$libshutdown$$0000000E)
    .ARM.Collect$$libshutdown$$00000011      0x08000226   Section        0  libshutdown2.o(.ARM.Collect$$libshutdown$$00000011)
    .ARM.Collect$$libshutdown$$00000012      0x08000226   Section        2  libshutdown2.o(.ARM.Collect$$libshutdown$$00000012)
    .ARM.Collect$$rtentry$$00000000          0x08000228   Section        0  __rtentry.o(.ARM.Collect$$rtentry$$00000000)
    .ARM.Collect$$rtentry$$00000002          0x08000228   Section        0  __rtentry2.o(.ARM.Collect$$rtentry$$00000002)
    .ARM.Collect$$rtentry$$00000004          0x08000228   Section        6  __rtentry4.o(.ARM.Collect$$rtentry$$00000004)
    .ARM.Collect$$rtentry$$00000009          0x0800022e   Section        0  __rtentry2.o(.ARM.Collect$$rtentry$$00000009)
    .ARM.Collect$$rtentry$$0000000A          0x0800022e   Section        4  __rtentry2.o(.ARM.Collect$$rtentry$$0000000A)
    .ARM.Collect$$rtentry$$0000000C          0x08000232   Section        0  __rtentry2.o(.ARM.Collect$$rtentry$$0000000C)
    .ARM.Collect$$rtentry$$0000000D          0x08000232   Section        8  __rtentry2.o(.ARM.Collect$$rtentry$$0000000D)
    .ARM.Collect$$rtexit$$00000000           0x0800023a   Section        2  rtexit.o(.ARM.Collect$$rtexit$$00000000)
    .ARM.Collect$$rtexit$$00000002           0x0800023c   Section        0  rtexit2.o(.ARM.Collect$$rtexit$$00000002)
    .ARM.Collect$$rtexit$$00000003           0x0800023c   Section        4  rtexit2.o(.ARM.Collect$$rtexit$$00000003)
    .ARM.Collect$$rtexit$$00000004           0x08000240   Section        6  rtexit2.o(.ARM.Collect$$rtexit$$00000004)
    .text                                    0x08000248   Section        0  main.o(.text)
    .text                                    0x08000348   Section        0  stm32f4xx_it.o(.text)
    .text                                    0x08000364   Section        0  system_stm32f4xx.o(.text)
    SetSysClock                              0x08000365   Thumb Code   220  system_stm32f4xx.o(.text)
    .text                                    0x08000574   Section        0  timer.o(.text)
    .text                                    0x08000c08   Section        0  adc.o(.text)
    .text                                    0x08000ce8   Section        0  lcd.o(.text)
    .text                                    0x0800434c   Section        0  delay.o(.text)
    .text                                    0x08004450   Section        0  usart.o(.text)
    .text                                    0x08004598   Section       64  startup_stm32f40_41xxx.o(.text)
    $v0                                      0x08004598   Number         0  startup_stm32f40_41xxx.o(.text)
    .text                                    0x080045d8   Section        0  misc.o(.text)
    .text                                    0x080046b8   Section        0  stm32f4xx_gpio.o(.text)
    .text                                    0x0800494c   Section        0  stm32f4xx_rcc.o(.text)
    .text                                    0x08004fa8   Section        0  stm32f4xx_usart.o(.text)
    .text                                    0x080053fc   Section        0  stm32f4xx_tim.o(.text)
    TI4_Config                               0x08005b9b   Thumb Code    80  stm32f4xx_tim.o(.text)
    TI3_Config                               0x08005bfd   Thumb Code    72  stm32f4xx_tim.o(.text)
    TI2_Config                               0x08005c5f   Thumb Code    90  stm32f4xx_tim.o(.text)
    TI1_Config                               0x08005ccb   Thumb Code    58  stm32f4xx_tim.o(.text)
    .text                                    0x080060a0   Section        0  stm32f4xx_adc.o(.text)
    .text                                    0x08006504   Section        0  stm32f4xx_fsmc.o(.text)
    .text                                    0x08006acc   Section        2  use_no_semi_2.o(.text)
    .text                                    0x08006ad0   Section        0  noretval__2printf.o(.text)
    .text                                    0x08006ae8   Section        0  __printf.o(.text)
    .text                                    0x08006b50   Section        0  _printf_hex_int.o(.text)
    .text                                    0x08006ba8   Section        0  heapauxi.o(.text)
    .text                                    0x08006bae   Section        2  use_no_semi.o(.text)
    .text                                    0x08006bb0   Section        0  _printf_intcommon.o(.text)
    .text                                    0x08006c62   Section        0  _printf_fp_dec.o(.text)
    _fp_digits                               0x08006c65   Thumb Code   432  _printf_fp_dec.o(.text)
    .text                                    0x08007080   Section        0  _printf_char_file.o(.text)
    .text                                    0x080070a4   Section        8  rt_locale_intlibspace.o(.text)
    .text                                    0x080070ac   Section      138  lludiv10.o(.text)
    .text                                    0x08007138   Section        0  _printf_char_common.o(.text)
    _printf_input_char                       0x08007139   Thumb Code    10  _printf_char_common.o(.text)
    .text                                    0x08007168   Section        0  _printf_fp_infnan.o(.text)
    .text                                    0x080071e8   Section        0  bigflt0.o(.text)
    .text                                    0x080072cc   Section        0  ferror.o(.text)
    .text                                    0x080072d4   Section        8  libspace.o(.text)
    .text                                    0x080072dc   Section       74  sys_stackheap_outer.o(.text)
    .text                                    0x08007326   Section        0  exit.o(.text)
    .text                                    0x08007338   Section      128  strcmpv7m.o(.text)
    CL$$btod_d2e                             0x080073b8   Section       62  btod.o(CL$$btod_d2e)
    CL$$btod_d2e_denorm_low                  0x080073f6   Section       70  btod.o(CL$$btod_d2e_denorm_low)
    CL$$btod_d2e_norm_op1                    0x0800743c   Section       96  btod.o(CL$$btod_d2e_norm_op1)
    CL$$btod_div_common                      0x0800749c   Section      824  btod.o(CL$$btod_div_common)
    CL$$btod_e2e                             0x080077d4   Section      220  btod.o(CL$$btod_e2e)
    CL$$btod_ediv                            0x080078b0   Section       42  btod.o(CL$$btod_ediv)
    CL$$btod_emul                            0x080078da   Section       42  btod.o(CL$$btod_emul)
    CL$$btod_mult_common                     0x08007904   Section      580  btod.o(CL$$btod_mult_common)
    i.__ARM_fpclassify                       0x08007b48   Section        0  fpclassify.o(i.__ARM_fpclassify)
    locale$$code                             0x08007b78   Section       44  lc_numeric_c.o(locale$$code)
    x$fpl$d2f                                0x08007ba4   Section       98  d2f.o(x$fpl$d2f)
    $v0                                      0x08007ba4   Number         0  d2f.o(x$fpl$d2f)
    x$fpl$dadd                               0x08007c08   Section      336  daddsub_clz.o(x$fpl$dadd)
    $v0                                      0x08007c08   Number         0  daddsub_clz.o(x$fpl$dadd)
    _dadd1                                   0x08007c19   Thumb Code     0  daddsub_clz.o(x$fpl$dadd)
    x$fpl$ddiv                               0x08007d58   Section      688  ddiv.o(x$fpl$ddiv)
    $v0                                      0x08007d58   Number         0  ddiv.o(x$fpl$ddiv)
    ddiv_entry                               0x08007d5f   Thumb Code     0  ddiv.o(x$fpl$ddiv)
    x$fpl$dfixu                              0x08008008   Section       90  dfixu.o(x$fpl$dfixu)
    $v0                                      0x08008008   Number         0  dfixu.o(x$fpl$dfixu)
    x$fpl$dflt                               0x08008062   Section       46  dflt_clz.o(x$fpl$dflt)
    $v0                                      0x08008062   Number         0  dflt_clz.o(x$fpl$dflt)
    x$fpl$dfltu                              0x08008090   Section       38  dflt_clz.o(x$fpl$dfltu)
    $v0                                      0x08008090   Number         0  dflt_clz.o(x$fpl$dfltu)
    x$fpl$dmul                               0x080080b8   Section      340  dmul.o(x$fpl$dmul)
    $v0                                      0x080080b8   Number         0  dmul.o(x$fpl$dmul)
    x$fpl$dnaninf                            0x0800820c   Section      156  dnaninf.o(x$fpl$dnaninf)
    $v0                                      0x0800820c   Number         0  dnaninf.o(x$fpl$dnaninf)
    x$fpl$dretinf                            0x080082a8   Section       12  dretinf.o(x$fpl$dretinf)
    $v0                                      0x080082a8   Number         0  dretinf.o(x$fpl$dretinf)
    x$fpl$drsb                               0x080082b4   Section       22  daddsub_clz.o(x$fpl$drsb)
    $v0                                      0x080082b4   Number         0  daddsub_clz.o(x$fpl$drsb)
    x$fpl$dsub                               0x080082cc   Section      468  daddsub_clz.o(x$fpl$dsub)
    $v0                                      0x080082cc   Number         0  daddsub_clz.o(x$fpl$dsub)
    _dsub1                                   0x080082dd   Thumb Code     0  daddsub_clz.o(x$fpl$dsub)
    x$fpl$f2d                                0x080084a0   Section       86  f2d.o(x$fpl$f2d)
    $v0                                      0x080084a0   Number         0  f2d.o(x$fpl$f2d)
    x$fpl$fnaninf                            0x080084f6   Section      140  fnaninf.o(x$fpl$fnaninf)
    $v0                                      0x080084f6   Number         0  fnaninf.o(x$fpl$fnaninf)
    x$fpl$fpinit                             0x08008582   Section       10  fpinit.o(x$fpl$fpinit)
    $v0                                      0x08008582   Number         0  fpinit.o(x$fpl$fpinit)
    x$fpl$fretinf                            0x0800858c   Section       10  fretinf.o(x$fpl$fretinf)
    $v0                                      0x0800858c   Number         0  fretinf.o(x$fpl$fretinf)
    x$fpl$printf1                            0x08008596   Section        4  printf1.o(x$fpl$printf1)
    $v0                                      0x08008596   Number         0  printf1.o(x$fpl$printf1)
    .constdata                               0x0800859a   Section     6080  lcd.o(.constdata)
    x$fpl$usenofp                            0x0800859a   Section        0  usenofp.o(x$fpl$usenofp)
    .constdata                               0x08009d5c   Section       28  stm32f4xx_fsmc.o(.constdata)
    .constdata                               0x08009d78   Section       40  _printf_hex_int.o(.constdata)
    uc_hextab                                0x08009d78   Data          20  _printf_hex_int.o(.constdata)
    lc_hextab                                0x08009d8c   Data          20  _printf_hex_int.o(.constdata)
    .constdata                               0x08009da0   Section      148  bigflt0.o(.constdata)
    tenpwrs_x                                0x08009da0   Data          60  bigflt0.o(.constdata)
    tenpwrs_i                                0x08009ddc   Data          64  bigflt0.o(.constdata)
    locale$$data                             0x08009e54   Section       28  lc_numeric_c.o(locale$$data)
    __lcnum_c_name                           0x08009e58   Data           2  lc_numeric_c.o(locale$$data)
    __lcnum_c_start                          0x08009e60   Data           0  lc_numeric_c.o(locale$$data)
    __lcnum_c_point                          0x08009e6c   Data           0  lc_numeric_c.o(locale$$data)
    __lcnum_c_thousands                      0x08009e6e   Data           0  lc_numeric_c.o(locale$$data)
    __lcnum_c_grouping                       0x08009e6f   Data           0  lc_numeric_c.o(locale$$data)
    __lcnum_c_end                            0x08009e70   Data           0  lc_numeric_c.o(locale$$data)
    .data                                    0x20000000   Section       20  system_stm32f4xx.o(.data)
    .data                                    0x20000014   Section       28  timer.o(.data)
    .data                                    0x20000030   Section        4  lcd.o(.data)
    .data                                    0x20000034   Section        4  delay.o(.data)
    fac_us                                   0x20000034   Data           1  delay.o(.data)
    fac_ms                                   0x20000036   Data           2  delay.o(.data)
    .data                                    0x20000038   Section        6  usart.o(.data)
    .data                                    0x2000003e   Section       16  stm32f4xx_rcc.o(.data)
    APBAHBPrescTable                         0x2000003e   Data          16  stm32f4xx_rcc.o(.data)
    .bss                                     0x20000050   Section       14  lcd.o(.bss)
    .bss                                     0x2000005e   Section      200  usart.o(.bss)
    .bss                                     0x20000128   Section       96  libspace.o(.bss)
    HEAP                                     0x20000188   Section      512  startup_stm32f40_41xxx.o(HEAP)
    Heap_Mem                                 0x20000188   Data         512  startup_stm32f40_41xxx.o(HEAP)
    STACK                                    0x20000388   Section     1024  startup_stm32f40_41xxx.o(STACK)
    Stack_Mem                                0x20000388   Data        1024  startup_stm32f40_41xxx.o(STACK)
    __initial_sp                             0x20000788   Data           0  startup_stm32f40_41xxx.o(STACK)

    Global Symbols

    Symbol Name                              Value     Ov Type        Size  Object(Section)

    BuildAttributes$$THM_ISAv4$E$P$D$K$B$S$7EM$VFPi3$EXTD16$VFPS$VFMA$PE$A:L22UL41UL21$X:L11$S22US41US21$IEEE1$IW$USESV6$~STKCKD$USESV7$~SHL$OTIME$ROPI$IEEEJ$EBA8$UX$STANDARDLIB$REQ8$PRES8$EABIv2 0x00000000   Number         0  anon$$obj.o ABSOLUTE
    __ARM_use_no_argv                        0x00000000   Number         0  main.o ABSOLUTE
    __ARM_exceptions_init                     - Undefined Weak Reference
    __alloca_initialize                       - Undefined Weak Reference
    __arm_fini_                               - Undefined Weak Reference
    __arm_preinit_                            - Undefined Weak Reference
    __cpp_initialize__aeabi_                  - Undefined Weak Reference
    __cxa_finalize                            - Undefined Weak Reference
    __sigvec_lookup                           - Undefined Weak Reference
    _atexit_init                              - Undefined Weak Reference
    _call_atexit_fns                          - Undefined Weak Reference
    _clock_init                               - Undefined Weak Reference
    _fp_trap_init                             - Undefined Weak Reference
    _fp_trap_shutdown                         - Undefined Weak Reference
    _get_lc_collate                           - Undefined Weak Reference
    _get_lc_ctype                             - Undefined Weak Reference
    _get_lc_monetary                          - Undefined Weak Reference
    _get_lc_time                              - Undefined Weak Reference
    _getenv_init                              - Undefined Weak Reference
    _handle_redirection                       - Undefined Weak Reference
    _init_alloc                               - Undefined Weak Reference
    _init_user_alloc                          - Undefined Weak Reference
    _initio                                   - Undefined Weak Reference
    _mutex_acquire                            - Undefined Weak Reference
    _mutex_release                            - Undefined Weak Reference
    _printf_post_padding                      - Undefined Weak Reference
    _printf_pre_padding                       - Undefined Weak Reference
    _printf_truncate_unsigned                 - Undefined Weak Reference
    _rand_init                                - Undefined Weak Reference
    _signal_finish                            - Undefined Weak Reference
    _signal_init                              - Undefined Weak Reference
    _terminate_alloc                          - Undefined Weak Reference
    _terminate_user_alloc                     - Undefined Weak Reference
    _terminateio                              - Undefined Weak Reference
    __Vectors_Size                           0x00000188   Number         0  startup_stm32f40_41xxx.o ABSOLUTE
    __Vectors                                0x08000000   Data           4  startup_stm32f40_41xxx.o(RESET)
    __Vectors_End                            0x08000188   Data           0  startup_stm32f40_41xxx.o(RESET)
    __main                                   0x08000189   Thumb Code     8  __main.o(!!!main)
    __scatterload                            0x08000191   Thumb Code     0  __scatter.o(!!!scatter)
    __scatterload_rt2                        0x08000191   Thumb Code    44  __scatter.o(!!!scatter)
    __scatterload_rt2_thumb_only             0x08000191   Thumb Code     0  __scatter.o(!!!scatter)
    __scatterload_null                       0x0800019f   Thumb Code     0  __scatter.o(!!!scatter)
    __scatterload_copy                       0x080001c5   Thumb Code    26  __scatter_copy.o(!!handler_copy)
    __scatterload_zeroinit                   0x080001e1   Thumb Code    28  __scatter_zi.o(!!handler_zi)
    _printf_f                                0x080001fd   Thumb Code     0  _printf_f.o(.ARM.Collect$$_printf_percent$$00000003)
    _printf_percent                          0x080001fd   Thumb Code     0  _printf_percent.o(.ARM.Collect$$_printf_percent$$00000000)
    _printf_x                                0x08000203   Thumb Code     0  _printf_x.o(.ARM.Collect$$_printf_percent$$0000000C)
    _printf_percent_end                      0x08000209   Thumb Code     0  _printf_percent_end.o(.ARM.Collect$$_printf_percent$$00000017)
    __rt_lib_init                            0x0800020d   Thumb Code     0  libinit.o(.ARM.Collect$$libinit$$00000000)
    __rt_lib_init_fp_1                       0x0800020f   Thumb Code     0  libinit2.o(.ARM.Collect$$libinit$$00000001)
    __rt_lib_init_heap_1                     0x08000213   Thumb Code     0  libinit2.o(.ARM.Collect$$libinit$$0000000A)
    __rt_lib_init_lc_common                  0x08000213   Thumb Code     0  libinit2.o(.ARM.Collect$$libinit$$0000000F)
    __rt_lib_init_preinit_1                  0x08000213   Thumb Code     0  libinit2.o(.ARM.Collect$$libinit$$00000004)
    __rt_lib_init_rand_1                     0x08000213   Thumb Code     0  libinit2.o(.ARM.Collect$$libinit$$0000000E)
    __rt_lib_init_user_alloc_1               0x08000213   Thumb Code     0  libinit2.o(.ARM.Collect$$libinit$$0000000C)
    __rt_lib_init_lc_collate_1               0x08000219   Thumb Code     0  libinit2.o(.ARM.Collect$$libinit$$00000011)
    __rt_lib_init_lc_ctype_1                 0x08000219   Thumb Code     0  libinit2.o(.ARM.Collect$$libinit$$00000013)
    __rt_lib_init_lc_monetary_1              0x08000219   Thumb Code     0  libinit2.o(.ARM.Collect$$libinit$$00000015)
    __rt_lib_init_lc_numeric_2               0x08000219   Thumb Code     0  libinit2.o(.ARM.Collect$$libinit$$00000016)
    __rt_lib_init_alloca_1                   0x08000223   Thumb Code     0  libinit2.o(.ARM.Collect$$libinit$$0000002E)
    __rt_lib_init_argv_1                     0x08000223   Thumb Code     0  libinit2.o(.ARM.Collect$$libinit$$0000002C)
    __rt_lib_init_atexit_1                   0x08000223   Thumb Code     0  libinit2.o(.ARM.Collect$$libinit$$0000001B)
    __rt_lib_init_clock_1                    0x08000223   Thumb Code     0  libinit2.o(.ARM.Collect$$libinit$$00000021)
    __rt_lib_init_cpp_1                      0x08000223   Thumb Code     0  libinit2.o(.ARM.Collect$$libinit$$00000032)
    __rt_lib_init_exceptions_1               0x08000223   Thumb Code     0  libinit2.o(.ARM.Collect$$libinit$$00000030)
    __rt_lib_init_fp_trap_1                  0x08000223   Thumb Code     0  libinit2.o(.ARM.Collect$$libinit$$0000001F)
    __rt_lib_init_getenv_1                   0x08000223   Thumb Code     0  libinit2.o(.ARM.Collect$$libinit$$00000023)
    __rt_lib_init_lc_numeric_1               0x08000223   Thumb Code     0  libinit2.o(.ARM.Collect$$libinit$$00000017)
    __rt_lib_init_lc_time_1                  0x08000223   Thumb Code     0  libinit2.o(.ARM.Collect$$libinit$$00000019)
    __rt_lib_init_return                     0x08000223   Thumb Code     0  libinit2.o(.ARM.Collect$$libinit$$00000033)
    __rt_lib_init_signal_1                   0x08000223   Thumb Code     0  libinit2.o(.ARM.Collect$$libinit$$0000001D)
    __rt_lib_init_stdio_1                    0x08000223   Thumb Code     0  libinit2.o(.ARM.Collect$$libinit$$00000025)
    __rt_lib_shutdown                        0x08000225   Thumb Code     0  libshutdown.o(.ARM.Collect$$libshutdown$$00000000)
    __rt_lib_shutdown_cpp_1                  0x08000227   Thumb Code     0  libshutdown2.o(.ARM.Collect$$libshutdown$$00000004)
    __rt_lib_shutdown_fini_1                 0x08000227   Thumb Code     0  libshutdown2.o(.ARM.Collect$$libshutdown$$00000002)
    __rt_lib_shutdown_fp_trap_1              0x08000227   Thumb Code     0  libshutdown2.o(.ARM.Collect$$libshutdown$$00000009)
    __rt_lib_shutdown_heap_1                 0x08000227   Thumb Code     0  libshutdown2.o(.ARM.Collect$$libshutdown$$00000011)
    __rt_lib_shutdown_return                 0x08000227   Thumb Code     0  libshutdown2.o(.ARM.Collect$$libshutdown$$00000012)
    __rt_lib_shutdown_signal_1               0x08000227   Thumb Code     0  libshutdown2.o(.ARM.Collect$$libshutdown$$0000000C)
    __rt_lib_shutdown_stdio_1                0x08000227   Thumb Code     0  libshutdown2.o(.ARM.Collect$$libshutdown$$00000006)
    __rt_lib_shutdown_user_alloc_1           0x08000227   Thumb Code     0  libshutdown2.o(.ARM.Collect$$libshutdown$$0000000E)
    __rt_entry                               0x08000229   Thumb Code     0  __rtentry.o(.ARM.Collect$$rtentry$$00000000)
    __rt_entry_presh_1                       0x08000229   Thumb Code     0  __rtentry2.o(.ARM.Collect$$rtentry$$00000002)
    __rt_entry_sh                            0x08000229   Thumb Code     0  __rtentry4.o(.ARM.Collect$$rtentry$$00000004)
    __rt_entry_li                            0x0800022f   Thumb Code     0  __rtentry2.o(.ARM.Collect$$rtentry$$0000000A)
    __rt_entry_postsh_1                      0x0800022f   Thumb Code     0  __rtentry2.o(.ARM.Collect$$rtentry$$00000009)
    __rt_entry_main                          0x08000233   Thumb Code     0  __rtentry2.o(.ARM.Collect$$rtentry$$0000000D)
    __rt_entry_postli_1                      0x08000233   Thumb Code     0  __rtentry2.o(.ARM.Collect$$rtentry$$0000000C)
    __rt_exit                                0x0800023b   Thumb Code     0  rtexit.o(.ARM.Collect$$rtexit$$00000000)
    __rt_exit_ls                             0x0800023d   Thumb Code     0  rtexit2.o(.ARM.Collect$$rtexit$$00000003)
    __rt_exit_prels_1                        0x0800023d   Thumb Code     0  rtexit2.o(.ARM.Collect$$rtexit$$00000002)
    __rt_exit_exit                           0x08000241   Thumb Code     0  rtexit2.o(.ARM.Collect$$rtexit$$00000004)
    main                                     0x08000249   Thumb Code   174  main.o(.text)
    NMI_Handler                              0x08000349   Thumb Code     2  stm32f4xx_it.o(.text)
    HardFault_Handler                        0x0800034b   Thumb Code     4  stm32f4xx_it.o(.text)
    MemManage_Handler                        0x0800034f   Thumb Code     4  stm32f4xx_it.o(.text)
    BusFault_Handler                         0x08000353   Thumb Code     4  stm32f4xx_it.o(.text)
    UsageFault_Handler                       0x08000357   Thumb Code     4  stm32f4xx_it.o(.text)
    SVC_Handler                              0x0800035b   Thumb Code     2  stm32f4xx_it.o(.text)
    DebugMon_Handler                         0x0800035d   Thumb Code     2  stm32f4xx_it.o(.text)
    PendSV_Handler                           0x0800035f   Thumb Code     2  stm32f4xx_it.o(.text)
    SysTick_Handler                          0x08000361   Thumb Code     2  stm32f4xx_it.o(.text)
    SystemInit                               0x08000441   Thumb Code    88  system_stm32f4xx.o(.text)
    SystemCoreClockUpdate                    0x08000499   Thumb Code   174  system_stm32f4xx.o(.text)
    TIM3_Init                                0x08000575   Thumb Code    90  timer.o(.text)
    TIM3_IRQHandler                          0x080005cf   Thumb Code   230  timer.o(.text)
    TIM4_Init                                0x080006b5   Thumb Code    92  timer.o(.text)
    TIM4_IRQHandler                          0x08000711   Thumb Code  1040  timer.o(.text)
    TIM8_Encoder_Init                        0x08000b21   Thumb Code   186  timer.o(.text)
    TIM8_IRQHandler                          0x08000bdb   Thumb Code    22  timer.o(.text)
    Adc_Init                                 0x08000c09   Thumb Code   124  adc.o(.text)
    Get_Adc                                  0x08000c85   Thumb Code    44  adc.o(.text)
    Get_Adc_Average                          0x08000cb1   Thumb Code    46  adc.o(.text)
    LCD_WR_REG                               0x08000ce9   Thumb Code    18  lcd.o(.text)
    LCD_WR_DATA                              0x08000cfb   Thumb Code    20  lcd.o(.text)
    LCD_RD_DATA                              0x08000d0f   Thumb Code    16  lcd.o(.text)
    LCD_WriteReg                             0x08000d1f   Thumb Code    14  lcd.o(.text)
    LCD_ReadReg                              0x08000d2d   Thumb Code    22  lcd.o(.text)
    LCD_WriteRAM_Prepare                     0x08000d43   Thumb Code    10  lcd.o(.text)
    LCD_WriteRAM                             0x08000d4d   Thumb Code     8  lcd.o(.text)
    LCD_BGR2RGB                              0x08000d55   Thumb Code    26  lcd.o(.text)
    opt_delay                                0x08000d6f   Thumb Code    14  lcd.o(.text)
    LCD_SetCursor                            0x08000d7d   Thumb Code   282  lcd.o(.text)
    LCD_ReadPoint                            0x08000e97   Thumb Code   132  lcd.o(.text)
    LCD_DisplayOn                            0x08000f1b   Thumb Code    32  lcd.o(.text)
    LCD_DisplayOff                           0x08000f3b   Thumb Code    32  lcd.o(.text)
    LCD_Scan_Dir                             0x08000f5b   Thumb Code   570  lcd.o(.text)
    LCD_DrawPoint                            0x08001195   Thumb Code    28  lcd.o(.text)
    LCD_Fast_DrawPoint                       0x080011b1   Thumb Code   238  lcd.o(.text)
    LCD_SSD_BackLightSet                     0x0800129f   Thumb Code    88  lcd.o(.text)
    LCD_Display_Dir                          0x080012f7   Thumb Code   298  lcd.o(.text)
    LCD_Set_Window                           0x08001421   Thumb Code   384  lcd.o(.text)
    LCD_Clear                                0x080015a1   Thumb Code    42  lcd.o(.text)
    LCD_Init                                 0x080015cb   Thumb Code 10318  lcd.o(.text)
    LCD_Fill                                 0x08003e19   Thumb Code    82  lcd.o(.text)
    LCD_Color_Fill                           0x08003e6b   Thumb Code    92  lcd.o(.text)
    LCD_DrawLine                             0x08003ec7   Thumb Code   176  lcd.o(.text)
    LCD_DrawRectangle                        0x08003f77   Thumb Code    60  lcd.o(.text)
    LCD_Draw_Circle                          0x08003fb3   Thumb Code   152  lcd.o(.text)
    LCD_ShowChar                             0x0800404b   Thumb Code   284  lcd.o(.text)
    LCD_Pow                                  0x08004167   Thumb Code    22  lcd.o(.text)
    LCD_ShowNum                              0x0800417d   Thumb Code   148  lcd.o(.text)
    LCD_ShowxNum                             0x08004211   Thumb Code   190  lcd.o(.text)
    LCD_ShowString                           0x080042cf   Thumb Code   102  lcd.o(.text)
    delay_init                               0x0800434d   Thumb Code    52  delay.o(.text)
    delay_us                                 0x08004381   Thumb Code    72  delay.o(.text)
    delay_xms                                0x080043c9   Thumb Code    72  delay.o(.text)
    delay_ms                                 0x08004411   Thumb Code    56  delay.o(.text)
    _sys_exit                                0x08004451   Thumb Code     4  usart.o(.text)
    fputc                                    0x08004455   Thumb Code    22  usart.o(.text)
    uart_init                                0x0800446b   Thumb Code   164  usart.o(.text)
    USART1_IRQHandler                        0x0800450f   Thumb Code   122  usart.o(.text)
    Reset_Handler                            0x08004599   Thumb Code     8  startup_stm32f40_41xxx.o(.text)
    ADC_IRQHandler                           0x080045b3   Thumb Code     0  startup_stm32f40_41xxx.o(.text)
    CAN1_RX0_IRQHandler                      0x080045b3   Thumb Code     0  startup_stm32f40_41xxx.o(.text)
    CAN1_RX1_IRQHandler                      0x080045b3   Thumb Code     0  startup_stm32f40_41xxx.o(.text)
    CAN1_SCE_IRQHandler                      0x080045b3   Thumb Code     0  startup_stm32f40_41xxx.o(.text)
    CAN1_TX_IRQHandler                       0x080045b3   Thumb Code     0  startup_stm32f40_41xxx.o(.text)
    CAN2_RX0_IRQHandler                      0x080045b3   Thumb Code     0  startup_stm32f40_41xxx.o(.text)
    CAN2_RX1_IRQHandler                      0x080045b3   Thumb Code     0  startup_stm32f40_41xxx.o(.text)
    CAN2_SCE_IRQHandler                      0x080045b3   Thumb Code     0  startup_stm32f40_41xxx.o(.text)
    CAN2_TX_IRQHandler                       0x080045b3   Thumb Code     0  startup_stm32f40_41xxx.o(.text)
    CRYP_IRQHandler                          0x080045b3   Thumb Code     0  startup_stm32f40_41xxx.o(.text)
    DCMI_IRQHandler                          0x080045b3   Thumb Code     0  startup_stm32f40_41xxx.o(.text)
    DMA1_Stream0_IRQHandler                  0x080045b3   Thumb Code     0  startup_stm32f40_41xxx.o(.text)
    DMA1_Stream1_IRQHandler                  0x080045b3   Thumb Code     0  startup_stm32f40_41xxx.o(.text)
    DMA1_Stream2_IRQHandler                  0x080045b3   Thumb Code     0  startup_stm32f40_41xxx.o(.text)
    DMA1_Stream3_IRQHandler                  0x080045b3   Thumb Code     0  startup_stm32f40_41xxx.o(.text)
    DMA1_Stream4_IRQHandler                  0x080045b3   Thumb Code     0  startup_stm32f40_41xxx.o(.text)
    DMA1_Stream5_IRQHandler                  0x080045b3   Thumb Code     0  startup_stm32f40_41xxx.o(.text)
    DMA1_Stream6_IRQHandler                  0x080045b3   Thumb Code     0  startup_stm32f40_41xxx.o(.text)
    DMA1_Stream7_IRQHandler                  0x080045b3   Thumb Code     0  startup_stm32f40_41xxx.o(.text)
    DMA2_Stream0_IRQHandler                  0x080045b3   Thumb Code     0  startup_stm32f40_41xxx.o(.text)
    DMA2_Stream1_IRQHandler                  0x080045b3   Thumb Code     0  startup_stm32f40_41xxx.o(.text)
    DMA2_Stream2_IRQHandler                  0x080045b3   Thumb Code     0  startup_stm32f40_41xxx.o(.text)
    DMA2_Stream3_IRQHandler                  0x080045b3   Thumb Code     0  startup_stm32f40_41xxx.o(.text)
    DMA2_Stream4_IRQHandler                  0x080045b3   Thumb Code     0  startup_stm32f40_41xxx.o(.text)
    DMA2_Stream5_IRQHandler                  0x080045b3   Thumb Code     0  startup_stm32f40_41xxx.o(.text)
    DMA2_Stream6_IRQHandler                  0x080045b3   Thumb Code     0  startup_stm32f40_41xxx.o(.text)
    DMA2_Stream7_IRQHandler                  0x080045b3   Thumb Code     0  startup_stm32f40_41xxx.o(.text)
    ETH_IRQHandler                           0x080045b3   Thumb Code     0  startup_stm32f40_41xxx.o(.text)
    ETH_WKUP_IRQHandler                      0x080045b3   Thumb Code     0  startup_stm32f40_41xxx.o(.text)
    EXTI0_IRQHandler                         0x080045b3   Thumb Code     0  startup_stm32f40_41xxx.o(.text)
    EXTI15_10_IRQHandler                     0x080045b3   Thumb Code     0  startup_stm32f40_41xxx.o(.text)
    EXTI1_IRQHandler                         0x080045b3   Thumb Code     0  startup_stm32f40_41xxx.o(.text)
    EXTI2_IRQHandler                         0x080045b3   Thumb Code     0  startup_stm32f40_41xxx.o(.text)
    EXTI3_IRQHandler                         0x080045b3   Thumb Code     0  startup_stm32f40_41xxx.o(.text)
    EXTI4_IRQHandler                         0x080045b3   Thumb Code     0  startup_stm32f40_41xxx.o(.text)
    EXTI9_5_IRQHandler                       0x080045b3   Thumb Code     0  startup_stm32f40_41xxx.o(.text)
    FLASH_IRQHandler                         0x080045b3   Thumb Code     0  startup_stm32f40_41xxx.o(.text)
    FPU_IRQHandler                           0x080045b3   Thumb Code     0  startup_stm32f40_41xxx.o(.text)
    FSMC_IRQHandler                          0x080045b3   Thumb Code     0  startup_stm32f40_41xxx.o(.text)
    HASH_RNG_IRQHandler                      0x080045b3   Thumb Code     0  startup_stm32f40_41xxx.o(.text)
    I2C1_ER_IRQHandler                       0x080045b3   Thumb Code     0  startup_stm32f40_41xxx.o(.text)
    I2C1_EV_IRQHandler                       0x080045b3   Thumb Code     0  startup_stm32f40_41xxx.o(.text)
    I2C2_ER_IRQHandler                       0x080045b3   Thumb Code     0  startup_stm32f40_41xxx.o(.text)
    I2C2_EV_IRQHandler                       0x080045b3   Thumb Code     0  startup_stm32f40_41xxx.o(.text)
    I2C3_ER_IRQHandler                       0x080045b3   Thumb Code     0  startup_stm32f40_41xxx.o(.text)
    I2C3_EV_IRQHandler                       0x080045b3   Thumb Code     0  startup_stm32f40_41xxx.o(.text)
    OTG_FS_IRQHandler                        0x080045b3   Thumb Code     0  startup_stm32f40_41xxx.o(.text)
    OTG_FS_WKUP_IRQHandler                   0x080045b3   Thumb Code     0  startup_stm32f40_41xxx.o(.text)
    OTG_HS_EP1_IN_IRQHandler                 0x080045b3   Thumb Code     0  startup_stm32f40_41xxx.o(.text)
    OTG_HS_EP1_OUT_IRQHandler                0x080045b3   Thumb Code     0  startup_stm32f40_41xxx.o(.text)
    OTG_HS_IRQHandler                        0x080045b3   Thumb Code     0  startup_stm32f40_41xxx.o(.text)
    OTG_HS_WKUP_IRQHandler                   0x080045b3   Thumb Code     0  startup_stm32f40_41xxx.o(.text)
    PVD_IRQHandler                           0x080045b3   Thumb Code     0  startup_stm32f40_41xxx.o(.text)
    RCC_IRQHandler                           0x080045b3   Thumb Code     0  startup_stm32f40_41xxx.o(.text)
    RTC_Alarm_IRQHandler                     0x080045b3   Thumb Code     0  startup_stm32f40_41xxx.o(.text)
    RTC_WKUP_IRQHandler                      0x080045b3   Thumb Code     0  startup_stm32f40_41xxx.o(.text)
    SDIO_IRQHandler                          0x080045b3   Thumb Code     0  startup_stm32f40_41xxx.o(.text)
    SPI1_IRQHandler                          0x080045b3   Thumb Code     0  startup_stm32f40_41xxx.o(.text)
    SPI2_IRQHandler                          0x080045b3   Thumb Code     0  startup_stm32f40_41xxx.o(.text)
    SPI3_IRQHandler                          0x080045b3   Thumb Code     0  startup_stm32f40_41xxx.o(.text)
    TAMP_STAMP_IRQHandler                    0x080045b3   Thumb Code     0  startup_stm32f40_41xxx.o(.text)
    TIM1_BRK_TIM9_IRQHandler                 0x080045b3   Thumb Code     0  startup_stm32f40_41xxx.o(.text)
    TIM1_CC_IRQHandler                       0x080045b3   Thumb Code     0  startup_stm32f40_41xxx.o(.text)
    TIM1_TRG_COM_TIM11_IRQHandler            0x080045b3   Thumb Code     0  startup_stm32f40_41xxx.o(.text)
    TIM1_UP_TIM10_IRQHandler                 0x080045b3   Thumb Code     0  startup_stm32f40_41xxx.o(.text)
    TIM2_IRQHandler                          0x080045b3   Thumb Code     0  startup_stm32f40_41xxx.o(.text)
    TIM5_IRQHandler                          0x080045b3   Thumb Code     0  startup_stm32f40_41xxx.o(.text)
    TIM6_DAC_IRQHandler                      0x080045b3   Thumb Code     0  startup_stm32f40_41xxx.o(.text)
    TIM7_IRQHandler                          0x080045b3   Thumb Code     0  startup_stm32f40_41xxx.o(.text)
    TIM8_BRK_TIM12_IRQHandler                0x080045b3   Thumb Code     0  startup_stm32f40_41xxx.o(.text)
    TIM8_CC_IRQHandler                       0x080045b3   Thumb Code     0  startup_stm32f40_41xxx.o(.text)
    TIM8_TRG_COM_TIM14_IRQHandler            0x080045b3   Thumb Code     0  startup_stm32f40_41xxx.o(.text)
    TIM8_UP_TIM13_IRQHandler                 0x080045b3   Thumb Code     0  startup_stm32f40_41xxx.o(.text)
    UART4_IRQHandler                         0x080045b3   Thumb Code     0  startup_stm32f40_41xxx.o(.text)
    UART5_IRQHandler                         0x080045b3   Thumb Code     0  startup_stm32f40_41xxx.o(.text)
    USART2_IRQHandler                        0x080045b3   Thumb Code     0  startup_stm32f40_41xxx.o(.text)
    USART3_IRQHandler                        0x080045b3   Thumb Code     0  startup_stm32f40_41xxx.o(.text)
    USART6_IRQHandler                        0x080045b3   Thumb Code     0  startup_stm32f40_41xxx.o(.text)
    WWDG_IRQHandler                          0x080045b3   Thumb Code     0  startup_stm32f40_41xxx.o(.text)
    __user_initial_stackheap                 0x080045b5   Thumb Code     0  startup_stm32f40_41xxx.o(.text)
    NVIC_PriorityGroupConfig                 0x080045d9   Thumb Code    10  misc.o(.text)
    NVIC_Init                                0x080045e3   Thumb Code   106  misc.o(.text)
    NVIC_SetVectorTable                      0x0800464d   Thumb Code    14  misc.o(.text)
    NVIC_SystemLPConfig                      0x0800465b   Thumb Code    34  misc.o(.text)
    SysTick_CLKSourceConfig                  0x0800467d   Thumb Code    40  misc.o(.text)
    GPIO_DeInit                              0x080046b9   Thumb Code   268  stm32f4xx_gpio.o(.text)
    GPIO_Init                                0x080047c5   Thumb Code   144  stm32f4xx_gpio.o(.text)
    GPIO_StructInit                          0x08004855   Thumb Code    18  stm32f4xx_gpio.o(.text)
    GPIO_PinLockConfig                       0x08004867   Thumb Code    34  stm32f4xx_gpio.o(.text)
    GPIO_ReadInputDataBit                    0x08004889   Thumb Code    18  stm32f4xx_gpio.o(.text)
    GPIO_ReadInputData                       0x0800489b   Thumb Code     8  stm32f4xx_gpio.o(.text)
    GPIO_ReadOutputDataBit                   0x080048a3   Thumb Code    18  stm32f4xx_gpio.o(.text)
    GPIO_ReadOutputData                      0x080048b5   Thumb Code     8  stm32f4xx_gpio.o(.text)
    GPIO_SetBits                             0x080048bd   Thumb Code     4  stm32f4xx_gpio.o(.text)
    GPIO_ResetBits                           0x080048c1   Thumb Code     4  stm32f4xx_gpio.o(.text)
    GPIO_WriteBit                            0x080048c5   Thumb Code    10  stm32f4xx_gpio.o(.text)
    GPIO_Write                               0x080048cf   Thumb Code     4  stm32f4xx_gpio.o(.text)
    GPIO_ToggleBits                          0x080048d3   Thumb Code     8  stm32f4xx_gpio.o(.text)
    GPIO_PinAFConfig                         0x080048db   Thumb Code    70  stm32f4xx_gpio.o(.text)
    RCC_DeInit                               0x0800494d   Thumb Code    82  stm32f4xx_rcc.o(.text)
    RCC_HSEConfig                            0x0800499f   Thumb Code    14  stm32f4xx_rcc.o(.text)
    RCC_GetFlagStatus                        0x080049ad   Thumb Code    60  stm32f4xx_rcc.o(.text)
    RCC_WaitForHSEStartUp                    0x080049e9   Thumb Code    56  stm32f4xx_rcc.o(.text)
    RCC_AdjustHSICalibrationValue            0x08004a21   Thumb Code    20  stm32f4xx_rcc.o(.text)
    RCC_HSICmd                               0x08004a35   Thumb Code     6  stm32f4xx_rcc.o(.text)
    RCC_LSEConfig                            0x08004a3b   Thumb Code    46  stm32f4xx_rcc.o(.text)
    RCC_LSICmd                               0x08004a69   Thumb Code     6  stm32f4xx_rcc.o(.text)
    RCC_PLLConfig                            0x08004a6f   Thumb Code    32  stm32f4xx_rcc.o(.text)
    RCC_PLLCmd                               0x08004a8f   Thumb Code     6  stm32f4xx_rcc.o(.text)
    RCC_PLLI2SConfig                         0x08004a95   Thumb Code    14  stm32f4xx_rcc.o(.text)
    RCC_PLLI2SCmd                            0x08004aa3   Thumb Code     6  stm32f4xx_rcc.o(.text)
    RCC_PLLSAIConfig                         0x08004aa9   Thumb Code    20  stm32f4xx_rcc.o(.text)
    RCC_PLLSAICmd                            0x08004abd   Thumb Code     6  stm32f4xx_rcc.o(.text)
    RCC_ClockSecuritySystemCmd               0x08004ac3   Thumb Code     6  stm32f4xx_rcc.o(.text)
    RCC_MCO1Config                           0x08004ac9   Thumb Code    28  stm32f4xx_rcc.o(.text)
    RCC_MCO2Config                           0x08004ae5   Thumb Code    28  stm32f4xx_rcc.o(.text)
    RCC_SYSCLKConfig                         0x08004b01   Thumb Code    20  stm32f4xx_rcc.o(.text)
    RCC_GetSYSCLKSource                      0x08004b15   Thumb Code    12  stm32f4xx_rcc.o(.text)
    RCC_HCLKConfig                           0x08004b21   Thumb Code    20  stm32f4xx_rcc.o(.text)
    RCC_PCLK1Config                          0x08004b35   Thumb Code    20  stm32f4xx_rcc.o(.text)
    RCC_PCLK2Config                          0x08004b49   Thumb Code    22  stm32f4xx_rcc.o(.text)
    RCC_GetClocksFreq                        0x08004b5f   Thumb Code   222  stm32f4xx_rcc.o(.text)
    RCC_RTCCLKConfig                         0x08004c3d   Thumb Code    54  stm32f4xx_rcc.o(.text)
    RCC_RTCCLKCmd                            0x08004c73   Thumb Code     8  stm32f4xx_rcc.o(.text)
    RCC_BackupResetCmd                       0x08004c7b   Thumb Code     8  stm32f4xx_rcc.o(.text)
    RCC_I2SCLKConfig                         0x08004c83   Thumb Code     6  stm32f4xx_rcc.o(.text)
    RCC_SAIPLLI2SClkDivConfig                0x08004c89   Thumb Code    26  stm32f4xx_rcc.o(.text)
    RCC_SAIPLLSAIClkDivConfig                0x08004ca3   Thumb Code    28  stm32f4xx_rcc.o(.text)
    RCC_SAIBlockACLKConfig                   0x08004cbf   Thumb Code    20  stm32f4xx_rcc.o(.text)
    RCC_SAIBlockBCLKConfig                   0x08004cd3   Thumb Code    20  stm32f4xx_rcc.o(.text)
    RCC_LTDCCLKDivConfig                     0x08004ce7   Thumb Code    20  stm32f4xx_rcc.o(.text)
    RCC_TIMCLKPresConfig                     0x08004cfb   Thumb Code     6  stm32f4xx_rcc.o(.text)
    RCC_AHB1PeriphClockCmd                   0x08004d01   Thumb Code    34  stm32f4xx_rcc.o(.text)
    RCC_AHB2PeriphClockCmd                   0x08004d23   Thumb Code    78  stm32f4xx_rcc.o(.text)
    RCC_AHB3PeriphClockCmd                   0x08004d71   Thumb Code    34  stm32f4xx_rcc.o(.text)
    RCC_APB1PeriphClockCmd                   0x08004d93   Thumb Code    34  stm32f4xx_rcc.o(.text)
    RCC_APB2PeriphClockCmd                   0x08004db5   Thumb Code    34  stm32f4xx_rcc.o(.text)
    RCC_AHB1PeriphResetCmd                   0x08004dd7   Thumb Code    34  stm32f4xx_rcc.o(.text)
    RCC_AHB2PeriphResetCmd                   0x08004df9   Thumb Code    34  stm32f4xx_rcc.o(.text)
    RCC_AHB3PeriphResetCmd                   0x08004e1b   Thumb Code    34  stm32f4xx_rcc.o(.text)
    RCC_APB1PeriphResetCmd                   0x08004e3d   Thumb Code    34  stm32f4xx_rcc.o(.text)
    RCC_APB2PeriphResetCmd                   0x08004e5f   Thumb Code    34  stm32f4xx_rcc.o(.text)
    RCC_AHB1PeriphClockLPModeCmd             0x08004e81   Thumb Code    34  stm32f4xx_rcc.o(.text)
    RCC_AHB2PeriphClockLPModeCmd             0x08004ea3   Thumb Code    34  stm32f4xx_rcc.o(.text)
    RCC_AHB3PeriphClockLPModeCmd             0x08004ec5   Thumb Code    34  stm32f4xx_rcc.o(.text)
    RCC_APB1PeriphClockLPModeCmd             0x08004ee7   Thumb Code    34  stm32f4xx_rcc.o(.text)
    RCC_APB2PeriphClockLPModeCmd             0x08004f09   Thumb Code    34  stm32f4xx_rcc.o(.text)
    RCC_LSEModeConfig                        0x08004f2b   Thumb Code    40  stm32f4xx_rcc.o(.text)
    RCC_ITConfig                             0x08004f53   Thumb Code    34  stm32f4xx_rcc.o(.text)
    RCC_ClearFlag                            0x08004f75   Thumb Code    18  stm32f4xx_rcc.o(.text)
    RCC_GetITStatus                          0x08004f87   Thumb Code    22  stm32f4xx_rcc.o(.text)
    RCC_ClearITPendingBit                    0x08004f9d   Thumb Code     8  stm32f4xx_rcc.o(.text)
    USART_DeInit                             0x08004fa9   Thumb Code   206  stm32f4xx_usart.o(.text)
    USART_Init                               0x08005077   Thumb Code   204  stm32f4xx_usart.o(.text)
    USART_StructInit                         0x08005143   Thumb Code    24  stm32f4xx_usart.o(.text)
    USART_ClockInit                          0x0800515b   Thumb Code    32  stm32f4xx_usart.o(.text)
    USART_ClockStructInit                    0x0800517b   Thumb Code    12  stm32f4xx_usart.o(.text)
    USART_Cmd                                0x08005187   Thumb Code    24  stm32f4xx_usart.o(.text)
    USART_SetPrescaler                       0x0800519f   Thumb Code    16  stm32f4xx_usart.o(.text)
    USART_OverSampling8Cmd                   0x080051af   Thumb Code    22  stm32f4xx_usart.o(.text)
    USART_OneBitMethodCmd                    0x080051c5   Thumb Code    24  stm32f4xx_usart.o(.text)
    USART_SendData                           0x080051dd   Thumb Code     8  stm32f4xx_usart.o(.text)
    USART_ReceiveData                        0x080051e5   Thumb Code    10  stm32f4xx_usart.o(.text)
    USART_SetAddress                         0x080051ef   Thumb Code    18  stm32f4xx_usart.o(.text)
    USART_ReceiverWakeUpCmd                  0x08005201   Thumb Code    24  stm32f4xx_usart.o(.text)
    USART_WakeUpConfig                       0x08005219   Thumb Code    18  stm32f4xx_usart.o(.text)
    USART_LINBreakDetectLengthConfig         0x0800522b   Thumb Code    18  stm32f4xx_usart.o(.text)
    USART_LINCmd                             0x0800523d   Thumb Code    24  stm32f4xx_usart.o(.text)
    USART_SendBreak                          0x08005255   Thumb Code    10  stm32f4xx_usart.o(.text)
    USART_HalfDuplexCmd                      0x0800525f   Thumb Code    24  stm32f4xx_usart.o(.text)
    USART_SetGuardTime                       0x08005277   Thumb Code    16  stm32f4xx_usart.o(.text)
    USART_SmartCardCmd                       0x08005287   Thumb Code    24  stm32f4xx_usart.o(.text)
    USART_SmartCardNACKCmd                   0x0800529f   Thumb Code    24  stm32f4xx_usart.o(.text)
    USART_IrDAConfig                         0x080052b7   Thumb Code    18  stm32f4xx_usart.o(.text)
    USART_IrDACmd                            0x080052c9   Thumb Code    24  stm32f4xx_usart.o(.text)
    USART_DMACmd                             0x080052e1   Thumb Code    18  stm32f4xx_usart.o(.text)
    USART_ITConfig                           0x080052f3   Thumb Code    74  stm32f4xx_usart.o(.text)
    USART_GetFlagStatus                      0x0800533d   Thumb Code    26  stm32f4xx_usart.o(.text)
    USART_ClearFlag                          0x08005357   Thumb Code    18  stm32f4xx_usart.o(.text)
    USART_GetITStatus                        0x08005369   Thumb Code   118  stm32f4xx_usart.o(.text)
    USART_ClearITPendingBit                  0x080053df   Thumb Code    30  stm32f4xx_usart.o(.text)
    TIM_DeInit                               0x080053fd   Thumb Code   346  stm32f4xx_tim.o(.text)
    TIM_TimeBaseInit                         0x08005557   Thumb Code   104  stm32f4xx_tim.o(.text)
    TIM_TimeBaseStructInit                   0x080055bf   Thumb Code    18  stm32f4xx_tim.o(.text)
    TIM_PrescalerConfig                      0x080055d1   Thumb Code     6  stm32f4xx_tim.o(.text)
    TIM_CounterModeConfig                    0x080055d7   Thumb Code    18  stm32f4xx_tim.o(.text)
    TIM_SetCounter                           0x080055e9   Thumb Code     4  stm32f4xx_tim.o(.text)
    TIM_SetAutoreload                        0x080055ed   Thumb Code     4  stm32f4xx_tim.o(.text)
    TIM_GetCounter                           0x080055f1   Thumb Code     6  stm32f4xx_tim.o(.text)
    TIM_GetPrescaler                         0x080055f7   Thumb Code     6  stm32f4xx_tim.o(.text)
    TIM_UpdateDisableConfig                  0x080055fd   Thumb Code    24  stm32f4xx_tim.o(.text)
    TIM_UpdateRequestConfig                  0x08005615   Thumb Code    24  stm32f4xx_tim.o(.text)
    TIM_ARRPreloadConfig                     0x0800562d   Thumb Code    24  stm32f4xx_tim.o(.text)
    TIM_SelectOnePulseMode                   0x08005645   Thumb Code    18  stm32f4xx_tim.o(.text)
    TIM_SetClockDivision                     0x08005657   Thumb Code    18  stm32f4xx_tim.o(.text)
    TIM_Cmd                                  0x08005669   Thumb Code    24  stm32f4xx_tim.o(.text)
    TIM_OC1Init                              0x08005681   Thumb Code   114  stm32f4xx_tim.o(.text)
    TIM_OC2Init                              0x080056f3   Thumb Code   154  stm32f4xx_tim.o(.text)
    TIM_OC3Init                              0x0800578d   Thumb Code   204  stm32f4xx_tim.o(.text)
    TIM_OC4Init                              0x08005859   Thumb Code   112  stm32f4xx_tim.o(.text)
    TIM_OCStructInit                         0x080058c9   Thumb Code    20  stm32f4xx_tim.o(.text)
    TIM_SelectOCxM                           0x080058dd   Thumb Code    86  stm32f4xx_tim.o(.text)
    TIM_SetCompare1                          0x08005933   Thumb Code     4  stm32f4xx_tim.o(.text)
    TIM_SetCompare2                          0x08005937   Thumb Code     4  stm32f4xx_tim.o(.text)
    TIM_SetCompare3                          0x0800593b   Thumb Code     4  stm32f4xx_tim.o(.text)
    TIM_SetCompare4                          0x0800593f   Thumb Code     4  stm32f4xx_tim.o(.text)
    TIM_ForcedOC1Config                      0x08005943   Thumb Code    18  stm32f4xx_tim.o(.text)
    TIM_ForcedOC2Config                      0x08005955   Thumb Code    26  stm32f4xx_tim.o(.text)
    TIM_ForcedOC3Config                      0x0800596f   Thumb Code    18  stm32f4xx_tim.o(.text)
    TIM_ForcedOC4Config                      0x08005981   Thumb Code    26  stm32f4xx_tim.o(.text)
    TIM_OC1PreloadConfig                     0x0800599b   Thumb Code    18  stm32f4xx_tim.o(.text)
    TIM_OC2PreloadConfig                     0x080059ad   Thumb Code    26  stm32f4xx_tim.o(.text)
    TIM_OC3PreloadConfig                     0x080059c7   Thumb Code    18  stm32f4xx_tim.o(.text)
    TIM_OC4PreloadConfig                     0x080059d9   Thumb Code    26  stm32f4xx_tim.o(.text)
    TIM_OC1FastConfig                        0x080059f3   Thumb Code    18  stm32f4xx_tim.o(.text)
    TIM_OC2FastConfig                        0x08005a05   Thumb Code    26  stm32f4xx_tim.o(.text)
    TIM_OC3FastConfig                        0x08005a1f   Thumb Code    18  stm32f4xx_tim.o(.text)
    TIM_OC4FastConfig                        0x08005a31   Thumb Code    26  stm32f4xx_tim.o(.text)
    TIM_ClearOC1Ref                          0x08005a4b   Thumb Code    18  stm32f4xx_tim.o(.text)
    TIM_ClearOC2Ref                          0x08005a5d   Thumb Code    24  stm32f4xx_tim.o(.text)
    TIM_ClearOC3Ref                          0x08005a75   Thumb Code    18  stm32f4xx_tim.o(.text)
    TIM_ClearOC4Ref                          0x08005a87   Thumb Code    24  stm32f4xx_tim.o(.text)
    TIM_OC1PolarityConfig                    0x08005a9f   Thumb Code    18  stm32f4xx_tim.o(.text)
    TIM_OC1NPolarityConfig                   0x08005ab1   Thumb Code    18  stm32f4xx_tim.o(.text)
    TIM_OC2PolarityConfig                    0x08005ac3   Thumb Code    26  stm32f4xx_tim.o(.text)
    TIM_OC2NPolarityConfig                   0x08005add   Thumb Code    26  stm32f4xx_tim.o(.text)
    TIM_OC3PolarityConfig                    0x08005af7   Thumb Code    26  stm32f4xx_tim.o(.text)
    TIM_OC3NPolarityConfig                   0x08005b11   Thumb Code    26  stm32f4xx_tim.o(.text)
    TIM_OC4PolarityConfig                    0x08005b2b   Thumb Code    26  stm32f4xx_tim.o(.text)
    TIM_CCxCmd                               0x08005b45   Thumb Code    30  stm32f4xx_tim.o(.text)
    TIM_CCxNCmd                              0x08005b63   Thumb Code    30  stm32f4xx_tim.o(.text)
    TIM_SetIC4Prescaler                      0x08005b81   Thumb Code    26  stm32f4xx_tim.o(.text)
    TIM_SetIC3Prescaler                      0x08005beb   Thumb Code    18  stm32f4xx_tim.o(.text)
    TIM_SetIC2Prescaler                      0x08005c45   Thumb Code    26  stm32f4xx_tim.o(.text)
    TIM_SetIC1Prescaler                      0x08005cb9   Thumb Code    18  stm32f4xx_tim.o(.text)
    TIM_ICInit                               0x08005d05   Thumb Code   110  stm32f4xx_tim.o(.text)
    TIM_ICStructInit                         0x08005d73   Thumb Code    18  stm32f4xx_tim.o(.text)
    TIM_PWMIConfig                           0x08005d85   Thumb Code   124  stm32f4xx_tim.o(.text)
    TIM_GetCapture1                          0x08005e01   Thumb Code     6  stm32f4xx_tim.o(.text)
    TIM_GetCapture2                          0x08005e07   Thumb Code     6  stm32f4xx_tim.o(.text)
    TIM_GetCapture3                          0x08005e0d   Thumb Code     6  stm32f4xx_tim.o(.text)
    TIM_GetCapture4                          0x08005e13   Thumb Code     6  stm32f4xx_tim.o(.text)
    TIM_BDTRConfig                           0x08005e19   Thumb Code    32  stm32f4xx_tim.o(.text)
    TIM_BDTRStructInit                       0x08005e39   Thumb Code    18  stm32f4xx_tim.o(.text)
    TIM_CtrlPWMOutputs                       0x08005e4b   Thumb Code    30  stm32f4xx_tim.o(.text)
    TIM_SelectCOM                            0x08005e69   Thumb Code    24  stm32f4xx_tim.o(.text)
    TIM_CCPreloadControl                     0x08005e81   Thumb Code    24  stm32f4xx_tim.o(.text)
    TIM_ITConfig                             0x08005e99   Thumb Code    18  stm32f4xx_tim.o(.text)
    TIM_GenerateEvent                        0x08005eab   Thumb Code     4  stm32f4xx_tim.o(.text)
    TIM_GetFlagStatus                        0x08005eaf   Thumb Code    18  stm32f4xx_tim.o(.text)
    TIM_ClearFlag                            0x08005ec1   Thumb Code     6  stm32f4xx_tim.o(.text)
    TIM_GetITStatus                          0x08005ec7   Thumb Code    34  stm32f4xx_tim.o(.text)
    TIM_ClearITPendingBit                    0x08005ee9   Thumb Code     6  stm32f4xx_tim.o(.text)
    TIM_DMAConfig                            0x08005eef   Thumb Code    10  stm32f4xx_tim.o(.text)
    TIM_DMACmd                               0x08005ef9   Thumb Code    18  stm32f4xx_tim.o(.text)
    TIM_SelectCCDMA                          0x08005f0b   Thumb Code    24  stm32f4xx_tim.o(.text)
    TIM_InternalClockConfig                  0x08005f23   Thumb Code    12  stm32f4xx_tim.o(.text)
    TIM_SelectInputTrigger                   0x08005f2f   Thumb Code    18  stm32f4xx_tim.o(.text)
    TIM_ITRxExternalClockConfig              0x08005f41   Thumb Code    24  stm32f4xx_tim.o(.text)
    TIM_TIxExternalClockConfig               0x08005f59   Thumb Code    62  stm32f4xx_tim.o(.text)
    TIM_ETRConfig                            0x08005f97   Thumb Code    28  stm32f4xx_tim.o(.text)
    TIM_ETRClockMode1Config                  0x08005fb3   Thumb Code    54  stm32f4xx_tim.o(.text)
    TIM_ETRClockMode2Config                  0x08005fe9   Thumb Code    32  stm32f4xx_tim.o(.text)
    TIM_SelectOutputTrigger                  0x08006009   Thumb Code    18  stm32f4xx_tim.o(.text)
    TIM_SelectSlaveMode                      0x0800601b   Thumb Code    18  stm32f4xx_tim.o(.text)
    TIM_SelectMasterSlaveMode                0x0800602d   Thumb Code    18  stm32f4xx_tim.o(.text)
    TIM_EncoderInterfaceConfig               0x0800603f   Thumb Code    66  stm32f4xx_tim.o(.text)
    TIM_SelectHallSensor                     0x08006081   Thumb Code    24  stm32f4xx_tim.o(.text)
    TIM_RemapConfig                          0x08006099   Thumb Code     6  stm32f4xx_tim.o(.text)
    ADC_DeInit                               0x080060a1   Thumb Code    22  stm32f4xx_adc.o(.text)
    ADC_Init                                 0x080060b7   Thumb Code    74  stm32f4xx_adc.o(.text)
    ADC_StructInit                           0x08006101   Thumb Code    20  stm32f4xx_adc.o(.text)
    ADC_CommonInit                           0x08006115   Thumb Code    34  stm32f4xx_adc.o(.text)
    ADC_CommonStructInit                     0x08006137   Thumb Code    12  stm32f4xx_adc.o(.text)
    ADC_Cmd                                  0x08006143   Thumb Code    22  stm32f4xx_adc.o(.text)
    ADC_AnalogWatchdogCmd                    0x08006159   Thumb Code    16  stm32f4xx_adc.o(.text)
    ADC_AnalogWatchdogThresholdsConfig       0x08006169   Thumb Code     6  stm32f4xx_adc.o(.text)
    ADC_AnalogWatchdogSingleChannelConfig    0x0800616f   Thumb Code    16  stm32f4xx_adc.o(.text)
    ADC_TempSensorVrefintCmd                 0x0800617f   Thumb Code    34  stm32f4xx_adc.o(.text)
    ADC_VBATCmd                              0x080061a1   Thumb Code    34  stm32f4xx_adc.o(.text)
    ADC_RegularChannelConfig                 0x080061c3   Thumb Code   184  stm32f4xx_adc.o(.text)
    ADC_SoftwareStartConv                    0x0800627b   Thumb Code    10  stm32f4xx_adc.o(.text)
    ADC_GetSoftwareStartConvStatus           0x08006285   Thumb Code    20  stm32f4xx_adc.o(.text)
    ADC_EOCOnEachRegularChannelCmd           0x08006299   Thumb Code    22  stm32f4xx_adc.o(.text)
    ADC_ContinuousModeCmd                    0x080062af   Thumb Code    22  stm32f4xx_adc.o(.text)
    ADC_DiscModeChannelCountConfig           0x080062c5   Thumb Code    24  stm32f4xx_adc.o(.text)
    ADC_DiscModeCmd                          0x080062dd   Thumb Code    22  stm32f4xx_adc.o(.text)
    ADC_GetConversionValue                   0x080062f3   Thumb Code     8  stm32f4xx_adc.o(.text)
    ADC_GetMultiModeConversionValue          0x080062fb   Thumb Code     8  stm32f4xx_adc.o(.text)
    ADC_DMACmd                               0x08006303   Thumb Code    22  stm32f4xx_adc.o(.text)
    ADC_DMARequestAfterLastTransferCmd       0x08006319   Thumb Code    22  stm32f4xx_adc.o(.text)
    ADC_MultiModeDMARequestAfterLastTransferCmd 0x0800632f   Thumb Code    34  stm32f4xx_adc.o(.text)
    ADC_InjectedChannelConfig                0x08006351   Thumb Code   130  stm32f4xx_adc.o(.text)
    ADC_InjectedSequencerLengthConfig        0x080063d3   Thumb Code    24  stm32f4xx_adc.o(.text)
    ADC_SetInjectedOffset                    0x080063eb   Thumb Code    20  stm32f4xx_adc.o(.text)
    ADC_ExternalTrigInjectedConvConfig       0x080063ff   Thumb Code    16  stm32f4xx_adc.o(.text)
    ADC_ExternalTrigInjectedConvEdgeConfig   0x0800640f   Thumb Code    16  stm32f4xx_adc.o(.text)
    ADC_SoftwareStartInjectedConv            0x0800641f   Thumb Code    10  stm32f4xx_adc.o(.text)
    ADC_GetSoftwareStartInjectedConvCmdStatus 0x08006429   Thumb Code    20  stm32f4xx_adc.o(.text)
    ADC_AutoInjectedConvCmd                  0x0800643d   Thumb Code    22  stm32f4xx_adc.o(.text)
    ADC_InjectedDiscModeCmd                  0x08006453   Thumb Code    22  stm32f4xx_adc.o(.text)
    ADC_GetInjectedConversionValue           0x08006469   Thumb Code    28  stm32f4xx_adc.o(.text)
    ADC_ITConfig                             0x08006485   Thumb Code    56  stm32f4xx_adc.o(.text)
    ADC_GetFlagStatus                        0x080064bd   Thumb Code    18  stm32f4xx_adc.o(.text)
    ADC_ClearFlag                            0x080064cf   Thumb Code     6  stm32f4xx_adc.o(.text)
    ADC_GetITStatus                          0x080064d5   Thumb Code    38  stm32f4xx_adc.o(.text)
    ADC_ClearITPendingBit                    0x080064fb   Thumb Code    10  stm32f4xx_adc.o(.text)
    FSMC_NORSRAMDeInit                       0x08006505   Thumb Code    54  stm32f4xx_fsmc.o(.text)
    FSMC_NORSRAMInit                         0x0800653b   Thumb Code   230  stm32f4xx_fsmc.o(.text)
    FSMC_NORSRAMStructInit                   0x08006621   Thumb Code    48  stm32f4xx_fsmc.o(.text)
    FSMC_NORSRAMCmd                          0x08006651   Thumb Code    46  stm32f4xx_fsmc.o(.text)
    FSMC_NANDDeInit                          0x0800667f   Thumb Code    62  stm32f4xx_fsmc.o(.text)
    FSMC_NANDInit                            0x080066bd   Thumb Code   132  stm32f4xx_fsmc.o(.text)
    FSMC_NANDStructInit                      0x08006741   Thumb Code    54  stm32f4xx_fsmc.o(.text)
    FSMC_NANDCmd                             0x08006777   Thumb Code    86  stm32f4xx_fsmc.o(.text)
    FSMC_NANDECCCmd                          0x080067cd   Thumb Code    86  stm32f4xx_fsmc.o(.text)
    FSMC_GetECC                              0x08006823   Thumb Code    24  stm32f4xx_fsmc.o(.text)
    FSMC_PCCARDDeInit                        0x0800683b   Thumb Code    36  stm32f4xx_fsmc.o(.text)
    FSMC_PCCARDInit                          0x0800685f   Thumb Code   130  stm32f4xx_fsmc.o(.text)
    FSMC_PCCARDStructInit                    0x080068e1   Thumb Code    60  stm32f4xx_fsmc.o(.text)
    FSMC_PCCARDCmd                           0x0800691d   Thumb Code    44  stm32f4xx_fsmc.o(.text)
    FSMC_ITConfig                            0x08006949   Thumb Code   128  stm32f4xx_fsmc.o(.text)
    FSMC_GetFlagStatus                       0x080069c9   Thumb Code    54  stm32f4xx_fsmc.o(.text)
    FSMC_ClearFlag                           0x080069ff   Thumb Code    74  stm32f4xx_fsmc.o(.text)
    FSMC_GetITStatus                         0x08006a49   Thumb Code    62  stm32f4xx_fsmc.o(.text)
    FSMC_ClearITPendingBit                   0x08006a87   Thumb Code    66  stm32f4xx_fsmc.o(.text)
    __use_no_semihosting                     0x08006acd   Thumb Code     2  use_no_semi_2.o(.text)
    __2printf                                0x08006ad1   Thumb Code    20  noretval__2printf.o(.text)
    __printf                                 0x08006ae9   Thumb Code   104  __printf.o(.text)
    _printf_int_hex                          0x08006b51   Thumb Code    84  _printf_hex_int.o(.text)
    _printf_longlong_hex                     0x08006b51   Thumb Code     0  _printf_hex_int.o(.text)
    __use_two_region_memory                  0x08006ba9   Thumb Code     2  heapauxi.o(.text)
    __rt_heap_escrow$2region                 0x08006bab   Thumb Code     2  heapauxi.o(.text)
    __rt_heap_expand$2region                 0x08006bad   Thumb Code     2  heapauxi.o(.text)
    __I$use$semihosting                      0x08006baf   Thumb Code     0  use_no_semi.o(.text)
    __use_no_semihosting_swi                 0x08006baf   Thumb Code     2  use_no_semi.o(.text)
    _printf_int_common                       0x08006bb1   Thumb Code   178  _printf_intcommon.o(.text)
    __lib_sel_fp_printf                      0x08006c63   Thumb Code     2  _printf_fp_dec.o(.text)
    _printf_fp_dec_real                      0x08006e15   Thumb Code   620  _printf_fp_dec.o(.text)
    _printf_char_file                        0x08007081   Thumb Code    32  _printf_char_file.o(.text)
    __rt_locale                              0x080070a5   Thumb Code     8  rt_locale_intlibspace.o(.text)
    _ll_udiv10                               0x080070ad   Thumb Code   138  lludiv10.o(.text)
    _printf_char_common                      0x08007143   Thumb Code    32  _printf_char_common.o(.text)
    _printf_fp_infnan                        0x08007169   Thumb Code   112  _printf_fp_infnan.o(.text)
    _btod_etento                             0x080071e9   Thumb Code   224  bigflt0.o(.text)
    ferror                                   0x080072cd   Thumb Code     8  ferror.o(.text)
    __user_libspace                          0x080072d5   Thumb Code     8  libspace.o(.text)
    __user_perproc_libspace                  0x080072d5   Thumb Code     0  libspace.o(.text)
    __user_perthread_libspace                0x080072d5   Thumb Code     0  libspace.o(.text)
    __user_setup_stackheap                   0x080072dd   Thumb Code    74  sys_stackheap_outer.o(.text)
    exit                                     0x08007327   Thumb Code    18  exit.o(.text)
    strcmp                                   0x08007339   Thumb Code   128  strcmpv7m.o(.text)
    _btod_d2e                                0x080073b9   Thumb Code    62  btod.o(CL$$btod_d2e)
    _d2e_denorm_low                          0x080073f7   Thumb Code    70  btod.o(CL$$btod_d2e_denorm_low)
    _d2e_norm_op1                            0x0800743d   Thumb Code    96  btod.o(CL$$btod_d2e_norm_op1)
    __btod_div_common                        0x0800749d   Thumb Code   696  btod.o(CL$$btod_div_common)
    _e2e                                     0x080077d5   Thumb Code   220  btod.o(CL$$btod_e2e)
    _btod_ediv                               0x080078b1   Thumb Code    42  btod.o(CL$$btod_ediv)
    _btod_emul                               0x080078db   Thumb Code    42  btod.o(CL$$btod_emul)
    __btod_mult_common                       0x08007905   Thumb Code   580  btod.o(CL$$btod_mult_common)
    __ARM_fpclassify                         0x08007b49   Thumb Code    48  fpclassify.o(i.__ARM_fpclassify)
    _get_lc_numeric                          0x08007b79   Thumb Code    44  lc_numeric_c.o(locale$$code)
    __aeabi_d2f                              0x08007ba5   Thumb Code     0  d2f.o(x$fpl$d2f)
    _d2f                                     0x08007ba5   Thumb Code    98  d2f.o(x$fpl$d2f)
    __aeabi_dadd                             0x08007c09   Thumb Code     0  daddsub_clz.o(x$fpl$dadd)
    _dadd                                    0x08007c09   Thumb Code   332  daddsub_clz.o(x$fpl$dadd)
    __aeabi_ddiv                             0x08007d59   Thumb Code     0  ddiv.o(x$fpl$ddiv)
    _ddiv                                    0x08007d59   Thumb Code   552  ddiv.o(x$fpl$ddiv)
    __aeabi_d2uiz                            0x08008009   Thumb Code     0  dfixu.o(x$fpl$dfixu)
    _dfixu                                   0x08008009   Thumb Code    90  dfixu.o(x$fpl$dfixu)
    __aeabi_i2d                              0x08008063   Thumb Code     0  dflt_clz.o(x$fpl$dflt)
    _dflt                                    0x08008063   Thumb Code    46  dflt_clz.o(x$fpl$dflt)
    __aeabi_ui2d                             0x08008091   Thumb Code     0  dflt_clz.o(x$fpl$dfltu)
    _dfltu                                   0x08008091   Thumb Code    38  dflt_clz.o(x$fpl$dfltu)
    __aeabi_dmul                             0x080080b9   Thumb Code     0  dmul.o(x$fpl$dmul)
    _dmul                                    0x080080b9   Thumb Code   332  dmul.o(x$fpl$dmul)
    __fpl_dnaninf                            0x0800820d   Thumb Code   156  dnaninf.o(x$fpl$dnaninf)
    __fpl_dretinf                            0x080082a9   Thumb Code    12  dretinf.o(x$fpl$dretinf)
    __aeabi_drsub                            0x080082b5   Thumb Code     0  daddsub_clz.o(x$fpl$drsb)
    _drsb                                    0x080082b5   Thumb Code    22  daddsub_clz.o(x$fpl$drsb)
    __aeabi_dsub                             0x080082cd   Thumb Code     0  daddsub_clz.o(x$fpl$dsub)
    _dsub                                    0x080082cd   Thumb Code   464  daddsub_clz.o(x$fpl$dsub)
    __aeabi_f2d                              0x080084a1   Thumb Code     0  f2d.o(x$fpl$f2d)
    _f2d                                     0x080084a1   Thumb Code    86  f2d.o(x$fpl$f2d)
    __fpl_fnaninf                            0x080084f7   Thumb Code   140  fnaninf.o(x$fpl$fnaninf)
    _fp_init                                 0x08008583   Thumb Code    10  fpinit.o(x$fpl$fpinit)
    __fplib_config_fpu_vfp                   0x0800858b   Thumb Code     0  fpinit.o(x$fpl$fpinit)
    __fplib_config_pureend_doubles           0x0800858b   Thumb Code     0  fpinit.o(x$fpl$fpinit)
    __fpl_fretinf                            0x0800858d   Thumb Code    10  fretinf.o(x$fpl$fretinf)
    _printf_fp_dec                           0x08008597   Thumb Code     4  printf1.o(x$fpl$printf1)
    __I$use$fp                               0x0800859a   Number         0  usenofp.o(x$fpl$usenofp)
    asc2_1206                                0x0800859a   Data        1140  lcd.o(.constdata)
    asc2_1608                                0x08008a0e   Data        1520  lcd.o(.constdata)
    asc2_2412                                0x08008ffe   Data        3420  lcd.o(.constdata)
    FSMC_DefaultTimingStruct                 0x08009d5c   Data          28  stm32f4xx_fsmc.o(.constdata)
    Region$$Table$$Base                      0x08009e34   Number         0  anon$$obj.o(Region$$Table)
    Region$$Table$$Limit                     0x08009e54   Number         0  anon$$obj.o(Region$$Table)
    SystemCoreClock                          0x20000000   Data           4  system_stm32f4xx.o(.data)
    AHBPrescTable                            0x20000004   Data          16  system_stm32f4xx.o(.data)
    Encoder_Speed                            0x20000014   Data           4  timer.o(.data)
    voltage                                  0x20000018   Data           4  timer.o(.data)
    current                                  0x2000001c   Data           4  timer.o(.data)
    Encoder_CNT_D                            0x20000020   Data           2  timer.o(.data)
    Encoder_CNT_B                            0x20000022   Data           2  timer.o(.data)
    Encoder_CNT_N                            0x20000024   Data           2  timer.o(.data)
    temp_float                               0x20000028   Data           4  timer.o(.data)
    temp_int                                 0x2000002c   Data           4  timer.o(.data)
    POINT_COLOR                              0x20000030   Data           2  lcd.o(.data)
    BACK_COLOR                               0x20000032   Data           2  lcd.o(.data)
    __stdout                                 0x20000038   Data           4  usart.o(.data)
    USART_RX_STA                             0x2000003c   Data           2  usart.o(.data)
    lcddev                                   0x20000050   Data          14  lcd.o(.bss)
    USART_RX_BUF                             0x2000005e   Data         200  usart.o(.bss)
    __libspace_start                         0x20000128   Data          96  libspace.o(.bss)
    __temporary_stack_top$libspace           0x20000188   Data           0  libspace.o(.bss)



==============================================================================

Memory Map of the image

  Image Entry point : 0x08000189

  Load Region LR_IROM1 (Base: 0x08000000, Size: 0x00009ec0, Max: 0x00100000, ABSOLUTE)

    Execution Region ER_IROM1 (Exec base: 0x08000000, Load base: 0x08000000, Size: 0x00009e70, Max: 0x00100000, ABSOLUTE)

    Exec Addr    Load Addr    Size         Type   Attr      Idx    E Section Name        Object

    0x08000000   0x08000000   0x00000188   Data   RO          416    RESET               startup_stm32f40_41xxx.o
    0x08000188   0x08000188   0x00000008   Code   RO          642  * !!!main             c_w.l(__main.o)
    0x08000190   0x08000190   0x00000034   Code   RO          894    !!!scatter          c_w.l(__scatter.o)
    0x080001c4   0x080001c4   0x0000001a   Code   RO          896    !!handler_copy      c_w.l(__scatter_copy.o)
    0x080001de   0x080001de   0x00000002   PAD
    0x080001e0   0x080001e0   0x0000001c   Code   RO          898    !!handler_zi        c_w.l(__scatter_zi.o)
    0x080001fc   0x080001fc   0x00000000   Code   RO          639    .ARM.Collect$$_printf_percent$$00000000  c_w.l(_printf_percent.o)
    0x080001fc   0x080001fc   0x00000006   Code   RO          638    .ARM.Collect$$_printf_percent$$00000003  c_w.l(_printf_f.o)
    0x08000202   0x08000202   0x00000006   Code   RO          637    .ARM.Collect$$_printf_percent$$0000000C  c_w.l(_printf_x.o)
    0x08000208   0x08000208   0x00000004   Code   RO          681    .ARM.Collect$$_printf_percent$$00000017  c_w.l(_printf_percent_end.o)
    0x0800020c   0x0800020c   0x00000002   Code   RO          769    .ARM.Collect$$libinit$$00000000  c_w.l(libinit.o)
    0x0800020e   0x0800020e   0x00000004   Code   RO          770    .ARM.Collect$$libinit$$00000001  c_w.l(libinit2.o)
    0x08000212   0x08000212   0x00000000   Code   RO          773    .ARM.Collect$$libinit$$00000004  c_w.l(libinit2.o)
    0x08000212   0x08000212   0x00000000   Code   RO          776    .ARM.Collect$$libinit$$0000000A  c_w.l(libinit2.o)
    0x08000212   0x08000212   0x00000000   Code   RO          778    .ARM.Collect$$libinit$$0000000C  c_w.l(libinit2.o)
    0x08000212   0x08000212   0x00000000   Code   RO          780    .ARM.Collect$$libinit$$0000000E  c_w.l(libinit2.o)
    0x08000212   0x08000212   0x00000006   Code   RO          781    .ARM.Collect$$libinit$$0000000F  c_w.l(libinit2.o)
    0x08000218   0x08000218   0x00000000   Code   RO          783    .ARM.Collect$$libinit$$00000011  c_w.l(libinit2.o)
    0x08000218   0x08000218   0x00000000   Code   RO          785    .ARM.Collect$$libinit$$00000013  c_w.l(libinit2.o)
    0x08000218   0x08000218   0x00000000   Code   RO          787    .ARM.Collect$$libinit$$00000015  c_w.l(libinit2.o)
    0x08000218   0x08000218   0x0000000a   Code   RO          788    .ARM.Collect$$libinit$$00000016  c_w.l(libinit2.o)
    0x08000222   0x08000222   0x00000000   Code   RO          789    .ARM.Collect$$libinit$$00000017  c_w.l(libinit2.o)
    0x08000222   0x08000222   0x00000000   Code   RO          791    .ARM.Collect$$libinit$$00000019  c_w.l(libinit2.o)
    0x08000222   0x08000222   0x00000000   Code   RO          793    .ARM.Collect$$libinit$$0000001B  c_w.l(libinit2.o)
    0x08000222   0x08000222   0x00000000   Code   RO          795    .ARM.Collect$$libinit$$0000001D  c_w.l(libinit2.o)
    0x08000222   0x08000222   0x00000000   Code   RO          797    .ARM.Collect$$libinit$$0000001F  c_w.l(libinit2.o)
    0x08000222   0x08000222   0x00000000   Code   RO          799    .ARM.Collect$$libinit$$00000021  c_w.l(libinit2.o)
    0x08000222   0x08000222   0x00000000   Code   RO          801    .ARM.Collect$$libinit$$00000023  c_w.l(libinit2.o)
    0x08000222   0x08000222   0x00000000   Code   RO          803    .ARM.Collect$$libinit$$00000025  c_w.l(libinit2.o)
    0x08000222   0x08000222   0x00000000   Code   RO          807    .ARM.Collect$$libinit$$0000002C  c_w.l(libinit2.o)
    0x08000222   0x08000222   0x00000000   Code   RO          809    .ARM.Collect$$libinit$$0000002E  c_w.l(libinit2.o)
    0x08000222   0x08000222   0x00000000   Code   RO          811    .ARM.Collect$$libinit$$00000030  c_w.l(libinit2.o)
    0x08000222   0x08000222   0x00000000   Code   RO          813    .ARM.Collect$$libinit$$00000032  c_w.l(libinit2.o)
    0x08000222   0x08000222   0x00000002   Code   RO          814    .ARM.Collect$$libinit$$00000033  c_w.l(libinit2.o)
    0x08000224   0x08000224   0x00000002   Code   RO          842    .ARM.Collect$$libshutdown$$00000000  c_w.l(libshutdown.o)
    0x08000226   0x08000226   0x00000000   Code   RO          851    .ARM.Collect$$libshutdown$$00000002  c_w.l(libshutdown2.o)
    0x08000226   0x08000226   0x00000000   Code   RO          853    .ARM.Collect$$libshutdown$$00000004  c_w.l(libshutdown2.o)
    0x08000226   0x08000226   0x00000000   Code   RO          855    .ARM.Collect$$libshutdown$$00000006  c_w.l(libshutdown2.o)
    0x08000226   0x08000226   0x00000000   Code   RO          858    .ARM.Collect$$libshutdown$$00000009  c_w.l(libshutdown2.o)
    0x08000226   0x08000226   0x00000000   Code   RO          861    .ARM.Collect$$libshutdown$$0000000C  c_w.l(libshutdown2.o)
    0x08000226   0x08000226   0x00000000   Code   RO          863    .ARM.Collect$$libshutdown$$0000000E  c_w.l(libshutdown2.o)
    0x08000226   0x08000226   0x00000000   Code   RO          866    .ARM.Collect$$libshutdown$$00000011  c_w.l(libshutdown2.o)
    0x08000226   0x08000226   0x00000002   Code   RO          867    .ARM.Collect$$libshutdown$$00000012  c_w.l(libshutdown2.o)
    0x08000228   0x08000228   0x00000000   Code   RO          674    .ARM.Collect$$rtentry$$00000000  c_w.l(__rtentry.o)
    0x08000228   0x08000228   0x00000000   Code   RO          692    .ARM.Collect$$rtentry$$00000002  c_w.l(__rtentry2.o)
    0x08000228   0x08000228   0x00000006   Code   RO          704    .ARM.Collect$$rtentry$$00000004  c_w.l(__rtentry4.o)
    0x0800022e   0x0800022e   0x00000000   Code   RO          694    .ARM.Collect$$rtentry$$00000009  c_w.l(__rtentry2.o)
    0x0800022e   0x0800022e   0x00000004   Code   RO          695    .ARM.Collect$$rtentry$$0000000A  c_w.l(__rtentry2.o)
    0x08000232   0x08000232   0x00000000   Code   RO          697    .ARM.Collect$$rtentry$$0000000C  c_w.l(__rtentry2.o)
    0x08000232   0x08000232   0x00000008   Code   RO          698    .ARM.Collect$$rtentry$$0000000D  c_w.l(__rtentry2.o)
    0x0800023a   0x0800023a   0x00000002   Code   RO          815    .ARM.Collect$$rtexit$$00000000  c_w.l(rtexit.o)
    0x0800023c   0x0800023c   0x00000000   Code   RO          822    .ARM.Collect$$rtexit$$00000002  c_w.l(rtexit2.o)
    0x0800023c   0x0800023c   0x00000004   Code   RO          823    .ARM.Collect$$rtexit$$00000003  c_w.l(rtexit2.o)
    0x08000240   0x08000240   0x00000006   Code   RO          824    .ARM.Collect$$rtexit$$00000004  c_w.l(rtexit2.o)
    0x08000246   0x08000246   0x00000002   PAD
    0x08000248   0x08000248   0x00000100   Code   RO            3    .text               main.o
    0x08000348   0x08000348   0x0000001a   Code   RO          158    .text               stm32f4xx_it.o
    0x08000362   0x08000362   0x00000002   PAD
    0x08000364   0x08000364   0x00000210   Code   RO          207    .text               system_stm32f4xx.o
    0x08000574   0x08000574   0x00000694   Code   RO          257    .text               timer.o
    0x08000c08   0x08000c08   0x000000e0   Code   RO          287    .text               adc.o
    0x08000ce8   0x08000ce8   0x00003664   Code   RO          307    .text               lcd.o
    0x0800434c   0x0800434c   0x00000104   Code   RO          345    .text               delay.o
    0x08004450   0x08004450   0x00000148   Code   RO          385    .text               usart.o
    0x08004598   0x08004598   0x00000040   Code   RO          417    .text               startup_stm32f40_41xxx.o
    0x080045d8   0x080045d8   0x000000e0   Code   RO          423    .text               misc.o
    0x080046b8   0x080046b8   0x00000294   Code   RO          443    .text               stm32f4xx_gpio.o
    0x0800494c   0x0800494c   0x0000065c   Code   RO          463    .text               stm32f4xx_rcc.o
    0x08004fa8   0x08004fa8   0x00000454   Code   RO          485    .text               stm32f4xx_usart.o
    0x080053fc   0x080053fc   0x00000ca2   Code   RO          505    .text               stm32f4xx_tim.o
    0x0800609e   0x0800609e   0x00000002   PAD
    0x080060a0   0x080060a0   0x00000464   Code   RO          545    .text               stm32f4xx_adc.o
    0x08006504   0x08006504   0x000005c8   Code   RO          565    .text               stm32f4xx_fsmc.o
    0x08006acc   0x08006acc   0x00000002   Code   RO          588    .text               c_w.l(use_no_semi_2.o)
    0x08006ace   0x08006ace   0x00000002   PAD
    0x08006ad0   0x08006ad0   0x00000018   Code   RO          592    .text               c_w.l(noretval__2printf.o)
    0x08006ae8   0x08006ae8   0x00000068   Code   RO          594    .text               c_w.l(__printf.o)
    0x08006b50   0x08006b50   0x00000058   Code   RO          599    .text               c_w.l(_printf_hex_int.o)
    0x08006ba8   0x08006ba8   0x00000006   Code   RO          640    .text               c_w.l(heapauxi.o)
    0x08006bae   0x08006bae   0x00000002   Code   RO          672    .text               c_w.l(use_no_semi.o)
    0x08006bb0   0x08006bb0   0x000000b2   Code   RO          675    .text               c_w.l(_printf_intcommon.o)
    0x08006c62   0x08006c62   0x0000041e   Code   RO          677    .text               c_w.l(_printf_fp_dec.o)
    0x08007080   0x08007080   0x00000024   Code   RO          679    .text               c_w.l(_printf_char_file.o)
    0x080070a4   0x080070a4   0x00000008   Code   RO          709    .text               c_w.l(rt_locale_intlibspace.o)
    0x080070ac   0x080070ac   0x0000008a   Code   RO          711    .text               c_w.l(lludiv10.o)
    0x08007136   0x08007136   0x00000002   PAD
    0x08007138   0x08007138   0x00000030   Code   RO          713    .text               c_w.l(_printf_char_common.o)
    0x08007168   0x08007168   0x00000080   Code   RO          715    .text               c_w.l(_printf_fp_infnan.o)
    0x080071e8   0x080071e8   0x000000e4   Code   RO          717    .text               c_w.l(bigflt0.o)
    0x080072cc   0x080072cc   0x00000008   Code   RO          742    .text               c_w.l(ferror.o)
    0x080072d4   0x080072d4   0x00000008   Code   RO          753    .text               c_w.l(libspace.o)
    0x080072dc   0x080072dc   0x0000004a   Code   RO          756    .text               c_w.l(sys_stackheap_outer.o)
    0x08007326   0x08007326   0x00000012   Code   RO          760    .text               c_w.l(exit.o)
    0x08007338   0x08007338   0x00000080   Code   RO          762    .text               c_w.l(strcmpv7m.o)
    0x080073b8   0x080073b8   0x0000003e   Code   RO          720    CL$$btod_d2e        c_w.l(btod.o)
    0x080073f6   0x080073f6   0x00000046   Code   RO          722    CL$$btod_d2e_denorm_low  c_w.l(btod.o)
    0x0800743c   0x0800743c   0x00000060   Code   RO          721    CL$$btod_d2e_norm_op1  c_w.l(btod.o)
    0x0800749c   0x0800749c   0x00000338   Code   RO          730    CL$$btod_div_common  c_w.l(btod.o)
    0x080077d4   0x080077d4   0x000000dc   Code   RO          727    CL$$btod_e2e        c_w.l(btod.o)
    0x080078b0   0x080078b0   0x0000002a   Code   RO          724    CL$$btod_ediv       c_w.l(btod.o)
    0x080078da   0x080078da   0x0000002a   Code   RO          723    CL$$btod_emul       c_w.l(btod.o)
    0x08007904   0x08007904   0x00000244   Code   RO          729    CL$$btod_mult_common  c_w.l(btod.o)
    0x08007b48   0x08007b48   0x00000030   Code   RO          751    i.__ARM_fpclassify  m_wm.l(fpclassify.o)
    0x08007b78   0x08007b78   0x0000002c   Code   RO          747    locale$$code        c_w.l(lc_numeric_c.o)
    0x08007ba4   0x08007ba4   0x00000062   Code   RO          644    x$fpl$d2f           fz_wm.l(d2f.o)
    0x08007c06   0x08007c06   0x00000002   PAD
    0x08007c08   0x08007c08   0x00000150   Code   RO          646    x$fpl$dadd          fz_wm.l(daddsub_clz.o)
    0x08007d58   0x08007d58   0x000002b0   Code   RO          653    x$fpl$ddiv          fz_wm.l(ddiv.o)
    0x08008008   0x08008008   0x0000005a   Code   RO          656    x$fpl$dfixu         fz_wm.l(dfixu.o)
    0x08008062   0x08008062   0x0000002e   Code   RO          661    x$fpl$dflt          fz_wm.l(dflt_clz.o)
    0x08008090   0x08008090   0x00000026   Code   RO          660    x$fpl$dfltu         fz_wm.l(dflt_clz.o)
    0x080080b6   0x080080b6   0x00000002   PAD
    0x080080b8   0x080080b8   0x00000154   Code   RO          666    x$fpl$dmul          fz_wm.l(dmul.o)
    0x0800820c   0x0800820c   0x0000009c   Code   RO          682    x$fpl$dnaninf       fz_wm.l(dnaninf.o)
    0x080082a8   0x080082a8   0x0000000c   Code   RO          684    x$fpl$dretinf       fz_wm.l(dretinf.o)
    0x080082b4   0x080082b4   0x00000016   Code   RO          647    x$fpl$drsb          fz_wm.l(daddsub_clz.o)
    0x080082ca   0x080082ca   0x00000002   PAD
    0x080082cc   0x080082cc   0x000001d4   Code   RO          648    x$fpl$dsub          fz_wm.l(daddsub_clz.o)
    0x080084a0   0x080084a0   0x00000056   Code   RO          668    x$fpl$f2d           fz_wm.l(f2d.o)
    0x080084f6   0x080084f6   0x0000008c   Code   RO          686    x$fpl$fnaninf       fz_wm.l(fnaninf.o)
    0x08008582   0x08008582   0x0000000a   Code   RO          819    x$fpl$fpinit        fz_wm.l(fpinit.o)
    0x0800858c   0x0800858c   0x0000000a   Code   RO          688    x$fpl$fretinf       fz_wm.l(fretinf.o)
    0x08008596   0x08008596   0x00000004   Code   RO          670    x$fpl$printf1       fz_wm.l(printf1.o)
    0x0800859a   0x0800859a   0x00000000   Code   RO          690    x$fpl$usenofp       fz_wm.l(usenofp.o)
    0x0800859a   0x0800859a   0x000017c0   Data   RO          309    .constdata          lcd.o
    0x08009d5a   0x08009d5a   0x00000002   PAD
    0x08009d5c   0x08009d5c   0x0000001c   Data   RO          566    .constdata          stm32f4xx_fsmc.o
    0x08009d78   0x08009d78   0x00000028   Data   RO          600    .constdata          c_w.l(_printf_hex_int.o)
    0x08009da0   0x08009da0   0x00000094   Data   RO          718    .constdata          c_w.l(bigflt0.o)
    0x08009e34   0x08009e34   0x00000020   Data   RO          892    Region$$Table       anon$$obj.o
    0x08009e54   0x08009e54   0x0000001c   Data   RO          746    locale$$data        c_w.l(lc_numeric_c.o)


    Execution Region RW_IRAM1 (Exec base: 0x20000000, Load base: 0x08009e70, Size: 0x00000788, Max: 0x00020000, ABSOLUTE)

    Exec Addr    Load Addr    Size         Type   Attr      Idx    E Section Name        Object

    0x20000000   0x08009e70   0x00000014   Data   RW          208    .data               system_stm32f4xx.o
    0x20000014   0x08009e84   0x0000001c   Data   RW          258    .data               timer.o
    0x20000030   0x08009ea0   0x00000004   Data   RW          310    .data               lcd.o
    0x20000034   0x08009ea4   0x00000004   Data   RW          346    .data               delay.o
    0x20000038   0x08009ea8   0x00000006   Data   RW          387    .data               usart.o
    0x2000003e   0x08009eae   0x00000010   Data   RW          464    .data               stm32f4xx_rcc.o
    0x2000004e   0x08009ebe   0x00000002   PAD
    0x20000050        -       0x0000000e   Zero   RW          308    .bss                lcd.o
    0x2000005e        -       0x000000c8   Zero   RW          386    .bss                usart.o
    0x20000126   0x08009ebe   0x00000002   PAD
    0x20000128        -       0x00000060   Zero   RW          754    .bss                c_w.l(libspace.o)
    0x20000188        -       0x00000200   Zero   RW          415    HEAP                startup_stm32f40_41xxx.o
    0x20000388        -       0x00000400   Zero   RW          414    STACK               startup_stm32f40_41xxx.o


==============================================================================

Image component sizes


      Code (inc. data)   RO Data    RW Data    ZI Data      Debug   Object Name

       224         10          0          0          0       1151   adc.o
       260          8          0          4          0       1445   delay.o
     13924        140       6080          4         14      19026   lcd.o
       256         82          0          0          0     330146   main.o
       224         20          0          0          0       1781   misc.o
        64         26        392          0       1536        820   startup_stm32f40_41xxx.o
      1124         24          0          0          0      10654   stm32f4xx_adc.o
      1480         18         28          0          0       5594   stm32f4xx_fsmc.o
       660         44          0          0          0       4121   stm32f4xx_gpio.o
        26          0          0          0          0       1206   stm32f4xx_it.o
      1628         52          0         16          0      12980   stm32f4xx_rcc.o
      3234         60          0          0          0      22980   stm32f4xx_tim.o
      1108         34          0          0          0       7848   stm32f4xx_usart.o
       528         46          0         20          0       1723   system_stm32f4xx.o
      1684        200          0         28          0       2378   timer.o
       328         16          0          6        200       3250   usart.o

    ----------------------------------------------------------------------
     26756        780       6534         80       1752     427103   Object Totals
         0          0         32          0          0          0   (incl. Generated)
         4          0          2          2          2          0   (incl. Padding)

    ----------------------------------------------------------------------

      Code (inc. data)   RO Data    RW Data    ZI Data      Debug   Library Member Name

         8          0          0          0          0         68   __main.o
       104          0          0          0          0         84   __printf.o
         0          0          0          0          0          0   __rtentry.o
        12          0          0          0          0          0   __rtentry2.o
         6          0          0          0          0          0   __rtentry4.o
        52          8          0          0          0          0   __scatter.o
        26          0          0          0          0          0   __scatter_copy.o
        28          0          0          0          0          0   __scatter_zi.o
        48          6          0          0          0         96   _printf_char_common.o
        36          4          0          0          0         80   _printf_char_file.o
         6          0          0          0          0          0   _printf_f.o
      1054          0          0          0          0        216   _printf_fp_dec.o
       128         16          0          0          0         84   _printf_fp_infnan.o
        88          4         40          0          0         88   _printf_hex_int.o
       178          0          0          0          0         88   _printf_intcommon.o
         0          0          0          0          0          0   _printf_percent.o
         4          0          0          0          0          0   _printf_percent_end.o
         6          0          0          0          0          0   _printf_x.o
       228          4        148          0          0         96   bigflt0.o
      1936        128          0          0          0        672   btod.o
        18          0          0          0          0         80   exit.o
         8          0          0          0          0         68   ferror.o
         6          0          0          0          0        152   heapauxi.o
        44         10         28          0          0         76   lc_numeric_c.o
         2          0          0          0          0          0   libinit.o
        22          0          0          0          0          0   libinit2.o
         2          0          0          0          0          0   libshutdown.o
         2          0          0          0          0          0   libshutdown2.o
         8          4          0          0         96         68   libspace.o
       138          0          0          0          0         80   lludiv10.o
        24          4          0          0          0         84   noretval__2printf.o
         8          4          0          0          0         68   rt_locale_intlibspace.o
         2          0          0          0          0          0   rtexit.o
        10          0          0          0          0          0   rtexit2.o
       128          0          0          0          0         68   strcmpv7m.o
        74          0          0          0          0         80   sys_stackheap_outer.o
         2          0          0          0          0         68   use_no_semi.o
         2          0          0          0          0         68   use_no_semi_2.o
        98          4          0          0          0        140   d2f.o
       826         16          0          0          0        492   daddsub_clz.o
       688        140          0          0          0        256   ddiv.o
        90          4          0          0          0        140   dfixu.o
        84          0          0          0          0        232   dflt_clz.o
       340         12          0          0          0        152   dmul.o
       156          4          0          0          0        140   dnaninf.o
        12          0          0          0          0        116   dretinf.o
        86          4          0          0          0        132   f2d.o
       140          4          0          0          0        132   fnaninf.o
        10          0          0          0          0        116   fpinit.o
        10          0          0          0          0        116   fretinf.o
         4          0          0          0          0        116   printf1.o
         0          0          0          0          0          0   usenofp.o
        48          0          0          0          0        124   fpclassify.o

    ----------------------------------------------------------------------
      7054        380        216          0         96       4936   Library Totals
        14          0          0          0          0          0   (incl. Padding)

    ----------------------------------------------------------------------

      Code (inc. data)   RO Data    RW Data    ZI Data      Debug   Library Name

      4448        192        216          0         96       2532   c_w.l
      2544        188          0          0          0       2280   fz_wm.l
        48          0          0          0          0        124   m_wm.l

    ----------------------------------------------------------------------
      7054        380        216          0         96       4936   Library Totals

    ----------------------------------------------------------------------

==============================================================================


      Code (inc. data)   RO Data    RW Data    ZI Data      Debug   

     33810       1160       6750         80       1848     425587   Grand Totals
     33810       1160       6750         80       1848     425587   ELF Image Totals
     33810       1160       6750         80          0          0   ROM Totals

==============================================================================

    Total RO  Size (Code + RO Data)                40560 (  39.61kB)
    Total RW  Size (RW Data + ZI Data)              1928 (   1.88kB)
    Total ROM Size (Code + RO Data + RW Data)      40640 (  39.69kB)

==============================================================================

